Archive member included to satisfy reference by file (symbol)

C:/ti/TivaWare_C_Series-2.2.0.295/driverlib/ccs/Debug/driverlib.lib(sysctl.obj)
                              ./src/bsp.o (SysCtlClockSet)
C:/ti/TivaWare_C_Series-2.2.0.295/driverlib/ccs/Debug/driverlib.lib(cpu.obj)
                              C:/ti/TivaWare_C_Series-2.2.0.295/driverlib/ccs/Debug/driverlib.lib(sysctl.obj) (CPUwfi)
C:/ti/TivaWare_C_Series-2.2.0.295/driverlib/ccs/Debug/driverlib.lib(interrupt.obj)
                              C:/ti/TivaWare_C_Series-2.2.0.295/driverlib/ccs/Debug/driverlib.lib(sysctl.obj) (IntEnable)
c:/ti/ccs1240/ccs/tools/compiler/gcc-arm-none-eabi-9-2019-q4-major/bin/../lib/gcc/arm-none-eabi/9.2.1/../../../../arm-none-eabi/lib/thumb/v7e-m/nofp\libc.a(lib_a-exit.o)
                              c:/ti/ccs1240/ccs/tools/compiler/gcc-arm-none-eabi-9-2019-q4-major/bin/../lib/gcc/arm-none-eabi/9.2.1/../../../../arm-none-eabi/lib/thumb/v7e-m/nofp/crt0.o (exit)
c:/ti/ccs1240/ccs/tools/compiler/gcc-arm-none-eabi-9-2019-q4-major/bin/../lib/gcc/arm-none-eabi/9.2.1/../../../../arm-none-eabi/lib/thumb/v7e-m/nofp\libc.a(lib_a-impure.o)
                              c:/ti/ccs1240/ccs/tools/compiler/gcc-arm-none-eabi-9-2019-q4-major/bin/../lib/gcc/arm-none-eabi/9.2.1/../../../../arm-none-eabi/lib/thumb/v7e-m/nofp\libc.a(lib_a-exit.o) (_global_impure_ptr)
c:/ti/ccs1240/ccs/tools/compiler/gcc-arm-none-eabi-9-2019-q4-major/bin/../lib/gcc/arm-none-eabi/9.2.1/../../../../arm-none-eabi/lib/thumb/v7e-m/nofp\libc.a(lib_a-init.o)
                              c:/ti/ccs1240/ccs/tools/compiler/gcc-arm-none-eabi-9-2019-q4-major/bin/../lib/gcc/arm-none-eabi/9.2.1/../../../../arm-none-eabi/lib/thumb/v7e-m/nofp/crt0.o (__libc_init_array)
c:/ti/ccs1240/ccs/tools/compiler/gcc-arm-none-eabi-9-2019-q4-major/bin/../lib/gcc/arm-none-eabi/9.2.1/../../../../arm-none-eabi/lib/thumb/v7e-m/nofp\libc.a(lib_a-memset.o)
                              c:/ti/ccs1240/ccs/tools/compiler/gcc-arm-none-eabi-9-2019-q4-major/bin/../lib/gcc/arm-none-eabi/9.2.1/../../../../arm-none-eabi/lib/thumb/v7e-m/nofp/crt0.o (memset)
c:/ti/ccs1240/ccs/tools/compiler/gcc-arm-none-eabi-9-2019-q4-major/bin/../lib/gcc/arm-none-eabi/9.2.1/../../../../arm-none-eabi/lib/thumb/v7e-m/nofp\libc.a(lib_a-__call_atexit.o)
                              c:/ti/ccs1240/ccs/tools/compiler/gcc-arm-none-eabi-9-2019-q4-major/bin/../lib/gcc/arm-none-eabi/9.2.1/../../../../arm-none-eabi/lib/thumb/v7e-m/nofp\libc.a(lib_a-exit.o) (__call_exitprocs)
c:/ti/ccs1240/ccs/tools/compiler/gcc-arm-none-eabi-9-2019-q4-major/bin/../lib/gcc/arm-none-eabi/9.2.1/../../../../arm-none-eabi/lib/thumb/v7e-m/nofp\libc.a(lib_a-atexit.o)
                              c:/ti/ccs1240/ccs/tools/compiler/gcc-arm-none-eabi-9-2019-q4-major/bin/../lib/gcc/arm-none-eabi/9.2.1/../../../../arm-none-eabi/lib/thumb/v7e-m/nofp\libc.a(lib_a-__call_atexit.o) (atexit)
c:/ti/ccs1240/ccs/tools/compiler/gcc-arm-none-eabi-9-2019-q4-major/bin/../lib/gcc/arm-none-eabi/9.2.1/../../../../arm-none-eabi/lib/thumb/v7e-m/nofp\libc.a(lib_a-fini.o)
                              c:/ti/ccs1240/ccs/tools/compiler/gcc-arm-none-eabi-9-2019-q4-major/bin/../lib/gcc/arm-none-eabi/9.2.1/../../../../arm-none-eabi/lib/thumb/v7e-m/nofp\libc.a(lib_a-__call_atexit.o) (__libc_fini_array)
c:/ti/ccs1240/ccs/tools/compiler/gcc-arm-none-eabi-9-2019-q4-major/bin/../lib/gcc/arm-none-eabi/9.2.1/../../../../arm-none-eabi/lib/thumb/v7e-m/nofp\libc.a(lib_a-lock.o)
                              c:/ti/ccs1240/ccs/tools/compiler/gcc-arm-none-eabi-9-2019-q4-major/bin/../lib/gcc/arm-none-eabi/9.2.1/../../../../arm-none-eabi/lib/thumb/v7e-m/nofp\libc.a(lib_a-__call_atexit.o) (__retarget_lock_acquire_recursive)
c:/ti/ccs1240/ccs/tools/compiler/gcc-arm-none-eabi-9-2019-q4-major/bin/../lib/gcc/arm-none-eabi/9.2.1/../../../../arm-none-eabi/lib/thumb/v7e-m/nofp\libc.a(lib_a-__atexit.o)
                              c:/ti/ccs1240/ccs/tools/compiler/gcc-arm-none-eabi-9-2019-q4-major/bin/../lib/gcc/arm-none-eabi/9.2.1/../../../../arm-none-eabi/lib/thumb/v7e-m/nofp\libc.a(lib_a-atexit.o) (__register_exitproc)
c:/ti/ccs1240/ccs/tools/compiler/gcc-arm-none-eabi-9-2019-q4-major/bin/../lib/gcc/arm-none-eabi/9.2.1/thumb/v7e-m/nofp\libgcc.a(_arm_addsubdf3.o)
                              ./src/bsp.o (__aeabi_ui2d)
c:/ti/ccs1240/ccs/tools/compiler/gcc-arm-none-eabi-9-2019-q4-major/bin/../lib/gcc/arm-none-eabi/9.2.1/thumb/v7e-m/nofp\libgcc.a(_arm_muldivdf3.o)
                              ./src/bsp.o (__aeabi_ddiv)
c:/ti/ccs1240/ccs/tools/compiler/gcc-arm-none-eabi-9-2019-q4-major/bin/../lib/gcc/arm-none-eabi/9.2.1/thumb/v7e-m/nofp\libgcc.a(_arm_fixunsdfsi.o)
                              ./src/bsp.o (__aeabi_d2uiz)
c:/ti/ccs1240/ccs/tools/compiler/gcc-arm-none-eabi-9-2019-q4-major/bin/../lib/gcc/arm-none-eabi/9.2.1/../../../../arm-none-eabi/lib/thumb/v7e-m/nofp\libnosys.a(_exit.o)
[...]
Memory Configuration

Name             Origin             Length             Attributes
ROM              0x00000000         0x00040000         xr
RAM              0x20000000         0x00008000         xrw
*default*        0x00000000         0xffffffff

Linker script and memory map

LOAD c:/ti/ccs1240/ccs/tools/compiler/gcc-arm-none-eabi-9-2019-q4-major/bin/../lib/gcc/arm-none-eabi/9.2.1/thumb/v7e-m/nofp/crti.o
LOAD c:/ti/ccs1240/ccs/tools/compiler/gcc-arm-none-eabi-9-2019-q4-major/bin/../lib/gcc/arm-none-eabi/9.2.1/thumb/v7e-m/nofp/crtbegin.o
LOAD c:/ti/ccs1240/ccs/tools/compiler/gcc-arm-none-eabi-9-2019-q4-major/bin/../lib/gcc/arm-none-eabi/9.2.1/../../../../arm-none-eabi/lib/thumb/v7e-m/nofp/crt0.o
LOAD ./tm4c123gh6pm_startup_ccs_gcc.o
LOAD ./ek-tm4c123gxl/system_TM4C123GH6PM.o
LOAD ./src/bsp.o
LOAD ./src/main.o
LOAD ./src/os.o
LOAD C:/ti/TivaWare_C_Series-2.2.0.295/driverlib/ccs/Debug/driverlib.lib
                0x00000400                STACK_SIZE = 0x400
                0x00000010                HEAP_SIZE = 0x10

.isr_vector     0x00000000      0x26c
 *(.isr_vector)
 .isr_vector    0x00000000      0x26c ./tm4c123gh6pm_startup_ccs_gcc.o
                0x00000000                g_pfnVectors
                0x0000026c                . = ALIGN (0x4)

.eh_frame       0x0000026c        0x4
 .eh_frame      0x0000026c        0x0 c:/ti/ccs1240/ccs/tools/compiler/gcc-arm-none-eabi-9-2019-q4-major/bin/../lib/gcc/arm-none-eabi/9.2.1/thumb/v7e-m/nofp/crtbegin.o
 .eh_frame      0x0000026c        0x4 c:/ti/ccs1240/ccs/tools/compiler/gcc-arm-none-eabi-9-2019-q4-major/bin/../lib/gcc/arm-none-eabi/9.2.1/thumb/v7e-m/nofp/crtend.o

.ARM.extab      0x00000270        0x0
 .ARM.extab     0x00000270        0x0 c:/ti/ccs1240/ccs/tools/compiler/gcc-arm-none-eabi-9-2019-q4-major/bin/../lib/gcc/arm-none-eabi/9.2.1/../../../../arm-none-eabi/lib/thumb/v7e-m/nofp/crt0.o

.ARM.exidx      0x00000270        0x8
 .ARM.exidx     0x00000270        0x8 c:/ti/ccs1240/ccs/tools/compiler/gcc-arm-none-eabi-9-2019-q4-major/bin/../lib/gcc/arm-none-eabi/9.2.1/../../../../arm-none-eabi/lib/thumb/v7e-m/nofp/crt0.o

.const:g_pui32Xtals
                0x00000278       0x6c
 .const:g_pui32Xtals
                0x00000278       0x6c C:/ti/TivaWare_C_Series-2.2.0.295/driverlib/ccs/Debug/driverlib.lib(sysctl.obj)

.const:g_pppui32XTALtoVCO
                0x000002e4      0x1b0
 .const:g_pppui32XTALtoVCO
                0x000002e4      0x1b0 C:/ti/TivaWare_C_Series-2.2.0.295/driverlib/ccs/Debug/driverlib.lib(sysctl.obj)

.const:g_sXTALtoMEMTIM
                0x00000494       0x30
 .const:g_sXTALtoMEMTIM
                0x00000494       0x30 C:/ti/TivaWare_C_Series-2.2.0.295/driverlib/ccs/Debug/driverlib.lib(sysctl.obj)

.const:g_pui32VCOFrequencies
                0x000004c4        0x8
 .const:g_pui32VCOFrequencies
                0x000004c4        0x8 C:/ti/TivaWare_C_Series-2.2.0.295/driverlib/ccs/Debug/driverlib.lib(sysctl.obj)

.const:g_pui32Priority
                0x000004cc       0x20
 .const:g_pui32Priority
                0x000004cc       0x20 C:/ti/TivaWare_C_Series-2.2.0.295/driverlib/ccs/Debug/driverlib.lib(interrupt.obj)

.const:g_pui32Regs
                0x000004ec       0x9c
 .const:g_pui32Regs
                0x000004ec       0x9c C:/ti/TivaWare_C_Series-2.2.0.295/driverlib/ccs/Debug/driverlib.lib(interrupt.obj)

.const:g_pui32EnRegs
                0x00000588       0x14
 .const:g_pui32EnRegs
                0x00000588       0x14 C:/ti/TivaWare_C_Series-2.2.0.295/driverlib/ccs/Debug/driverlib.lib(interrupt.obj)

.const:g_pui32Dii16Regs
                0x0000059c       0x14
 .const:g_pui32Dii16Regs
                0x0000059c       0x14 C:/ti/TivaWare_C_Series-2.2.0.295/driverlib/ccs/Debug/driverlib.lib(interrupt.obj)

.const:g_pui32PendRegs
                0x000005b0       0x14
 .const:g_pui32PendRegs
                0x000005b0       0x14 C:/ti/TivaWare_C_Series-2.2.0.295/driverlib/ccs/Debug/driverlib.lib(interrupt.obj)

.const:g_pui32UnpendRegs
                0x000005c4       0x14
 .const:g_pui32UnpendRegs
                0x000005c4       0x14 C:/ti/TivaWare_C_Series-2.2.0.295/driverlib/ccs/Debug/driverlib.lib(interrupt.obj)

.text           0x000005d8     0x2374
                0x000005d8                . = ALIGN (0x4)
 *(.text)
 .text          0x000005d8        0x0 c:/ti/ccs1240/ccs/tools/compiler/gcc-arm-none-eabi-9-2019-q4-major/bin/../lib/gcc/arm-none-eabi/9.2.1/thumb/v7e-m/nofp/crti.o
 .text          0x000005d8       0x40 c:/ti/ccs1240/ccs/tools/compiler/gcc-arm-none-eabi-9-2019-q4-major/bin/../lib/gcc/arm-none-eabi/9.2.1/thumb/v7e-m/nofp/crtbegin.o
 .text          0x00000618       0x74 c:/ti/ccs1240/ccs/tools/compiler/gcc-arm-none-eabi-9-2019-q4-major/bin/../lib/gcc/arm-none-eabi/9.2.1/../../../../arm-none-eabi/lib/thumb/v7e-m/nofp/crt0.o
                0x00000618                _start
                0x00000618                _mainCRTStartup
 .text          0x0000068c        0x0 ./tm4c123gh6pm_startup_ccs_gcc.o
 .text          0x0000068c        0x0 ./ek-tm4c123gxl/system_TM4C123GH6PM.o
 .text          0x0000068c        0x0 ./src/bsp.o
 .text          0x0000068c        0x0 ./src/main.o
 .text          0x0000068c        0x0 ./src/os.o
 .text          0x0000068c        0x0 C:/ti/TivaWare_C_Series-2.2.0.295/driverlib/ccs/Debug/driverlib.lib(sysctl.obj)
 .text          0x0000068c        0x0 C:/ti/TivaWare_C_Series-2.2.0.295/driverlib/ccs/Debug/driverlib.lib(cpu.obj)
 .text          0x0000068c        0x0 C:/ti/TivaWare_C_Series-2.2.0.295/driverlib/ccs/Debug/driverlib.lib(interrupt.obj)
 .text          0x0000068c        0x0 c:/ti/ccs1240/ccs/tools/compiler/gcc-arm-none-eabi-9-2019-q4-major/bin/../lib/gcc/arm-none-eabi/9.2.1/../../../../arm-none-eabi/lib/thumb/v7e-m/nofp\libc.a(lib_a-exit.o)
 .text          0x0000068c        0x0 c:/ti/ccs1240/ccs/tools/compiler/gcc-arm-none-eabi-9-2019-q4-major/bin/../lib/gcc/arm-none-eabi/9.2.1/../../../../arm-none-eabi/lib/thumb/v7e-m/nofp\libc.a(lib_a-impure.o)
 .text          0x0000068c        0x0 c:/ti/ccs1240/ccs/tools/compiler/gcc-arm-none-eabi-9-2019-q4-major/bin/../lib/gcc/arm-none-eabi/9.2.1/../../../../arm-none-eabi/lib/thumb/v7e-m/nofp\libc.a(lib_a-init.o)
 .text          0x0000068c        0x0 c:/ti/ccs1240/ccs/tools/compiler/gcc-arm-none-eabi-9-2019-q4-major/bin/../lib/gcc/arm-none-eabi/9.2.1/../../../../arm-none-eabi/lib/thumb/v7e-m/nofp\libc.a(lib_a-memset.o)
 .text          0x0000068c        0x0 c:/ti/ccs1240/ccs/tools/compiler/gcc-arm-none-eabi-9-2019-q4-major/bin/../lib/gcc/arm-none-eabi/9.2.1/../../../../arm-none-eabi/lib/thumb/v7e-m/nofp\libc.a(lib_a-__call_atexit.o)
 .text          0x0000068c        0x0 c:/ti/ccs1240/ccs/tools/compiler/gcc-arm-none-eabi-9-2019-q4-major/bin/../lib/gcc/arm-none-eabi/9.2.1/../../../../arm-none-eabi/lib/thumb/v7e-m/nofp\libc.a(lib_a-atexit.o)
 .text          0x0000068c        0x0 c:/ti/ccs1240/ccs/tools/compiler/gcc-arm-none-eabi-9-2019-q4-major/bin/../lib/gcc/arm-none-eabi/9.2.1/../../../../arm-none-eabi/lib/thumb/v7e-m/nofp\libc.a(lib_a-fini.o)
 .text          0x0000068c        0x0 c:/ti/ccs1240/ccs/tools/compiler/gcc-arm-none-eabi-9-2019-q4-major/bin/../lib/gcc/arm-none-eabi/9.2.1/../../../../arm-none-eabi/lib/thumb/v7e-m/nofp\libc.a(lib_a-lock.o)
 .text          0x0000068c        0x0 c:/ti/ccs1240/ccs/tools/compiler/gcc-arm-none-eabi-9-2019-q4-major/bin/../lib/gcc/arm-none-eabi/9.2.1/../../../../arm-none-eabi/lib/thumb/v7e-m/nofp\libc.a(lib_a-__atexit.o)
 .text          0x0000068c      0x378 c:/ti/ccs1240/ccs/tools/compiler/gcc-arm-none-eabi-9-2019-q4-major/bin/../lib/gcc/arm-none-eabi/9.2.1/thumb/v7e-m/nofp\libgcc.a(_arm_addsubdf3.o)
                0x0000068c                __aeabi_drsub
                0x00000694                __aeabi_dsub
                0x00000694                __subdf3
                0x00000698                __aeabi_dadd
                0x00000698                __adddf3
                0x00000910                __floatunsidf
                0x00000910                __aeabi_ui2d
                0x00000930                __floatsidf
                0x00000930                __aeabi_i2d
                0x00000954                __aeabi_f2d
                0x00000954                __extendsfdf2
                0x00000998                __floatundidf
                0x00000998                __aeabi_ul2d
                0x000009a8                __floatdidf
                0x000009a8                __aeabi_l2d
 .text          0x00000a04      0x424 c:/ti/ccs1240/ccs/tools/compiler/gcc-arm-none-eabi-9-2019-q4-major/bin/../lib/gcc/arm-none-eabi/9.2.1/thumb/v7e-m/nofp\libgcc.a(_arm_muldivdf3.o)
                0x00000a04                __aeabi_dmul
                0x00000a04                __muldf3
                0x00000c58                __divdf3
                0x00000c58                __aeabi_ddiv
 .text          0x00000e28       0x40 c:/ti/ccs1240/ccs/tools/compiler/gcc-arm-none-eabi-9-2019-q4-major/bin/../lib/gcc/arm-none-eabi/9.2.1/thumb/v7e-m/nofp\libgcc.a(_arm_fixunsdfsi.o)
                0x00000e28                __aeabi_d2uiz
                0x00000e28                __fixunsdfsi
 .text          0x00000e68        0x0 c:/ti/ccs1240/ccs/tools/compiler/gcc-arm-none-eabi-9-2019-q4-major/bin/../lib/gcc/arm-none-eabi/9.2.1/../../../../arm-none-eabi/lib/thumb/v7e-m/nofp\libnosys.a(_exit.o)
 .text          0x00000e68        0x0 c:/ti/ccs1240/ccs/tools/compiler/gcc-arm-none-eabi-9-2019-q4-major/bin/../lib/gcc/arm-none-eabi/9.2.1/thumb/v7e-m/nofp/crtend.o
 .text          0x00000e68        0x0 c:/ti/ccs1240/ccs/tools/compiler/gcc-arm-none-eabi-9-2019-q4-major/bin/../lib/gcc/arm-none-eabi/9.2.1/thumb/v7e-m/nofp/crtn.o
 *(.text*)
 .text.Reset_Handler
                0x00000e68       0x84 ./tm4c123gh6pm_startup_ccs_gcc.o
                0x00000e68                Reset_Handler
 .text.NMI_Handler
                0x00000eec       0x18 ./tm4c123gh6pm_startup_ccs_gcc.o
                0x00000eec                NMI_Handler
 .text.MemManage_Handler
                0x00000f04       0x1c ./tm4c123gh6pm_startup_ccs_gcc.o
                0x00000f04                MemManage_Handler
 .text.HardFault_Handler
                0x00000f20       0x1c ./tm4c123gh6pm_startup_ccs_gcc.o
                0x00000f20                HardFault_Handler
 .text.BusFault_Handler
                0x00000f3c       0x1c ./tm4c123gh6pm_startup_ccs_gcc.o
                0x00000f3c                BusFault_Handler
 .text.UsageFault_Handler
                0x00000f58       0x20 ./tm4c123gh6pm_startup_ccs_gcc.o
                0x00000f58                UsageFault_Handler
 .text.Default_Handler
                0x00000f78       0x1c ./tm4c123gh6pm_startup_ccs_gcc.o
                0x00000f78                uDMAST_IRQHandler
                0x00000f78                GPIOPortP4_IRQHandler
                0x00000f78                PWM1Gen3_IRQHandler
                0x00000f78                WideTimer5B_IRQHandler
                0x00000f78                DebugMon_Handler
                0x00000f78                QEI2_IRQHandler
                0x00000f78                FlashCtrl_IRQHandler
                0x00000f78                GPIOPortP7_IRQHandler
                0x00000f78                Timer0B_IRQHandler
                0x00000f78                I2C0_IRQHandler
                0x00000f78                WideTimer4B_IRQHandler
                0x00000f78                I2C1_IRQHandler
                0x00000f78                GPIOPortP5_IRQHandler
                0x00000f78                PWMGen0_IRQHandler
                0x00000f78                UART1_IRQHandler
                0x00000f78                CAN1_IRQHandler
                0x00000f78                Timer1B_IRQHandler
                0x00000f78                Watchdog_IRQHandler
                0x00000f78                GPIOPortS_IRQHandler
                0x00000f78                GPIOPortQ7_IRQHandler
                0x00000f78                PWM1Gen2_IRQHandler
                0x00000f78                UART0_IRQHandler
                0x00000f78                GPIOPortL_IRQHandler
                0x00000f78                SSI0_IRQHandler
                0x00000f78                GPIOPortM_IRQHandler
                0x00000f78                FPU_IRQHandler
                0x00000f78                ADCSeq1_IRQHandler
                0x00000f78                GPIOPortP0_IRQHandler
                0x00000f78                WideTimer0B_IRQHandler
                0x00000f78                PWMFault_IRQHandler
                0x00000f78                WideTimer1A_IRQHandler
                0x00000f78                I2C5_IRQHandler
                0x00000f78                I2C4_IRQHandler
                0x00000f78                GPIOPortQ5_IRQHandler
                0x00000f78                PWMGen1_IRQHandler
                0x00000f78                SSI1_IRQHandler
                0x00000f78                I2C2_IRQHandler
                0x00000f78                UART5_IRQHandler
                0x00000f78                GPIOPortC_IRQHandler
                0x00000f78                GPIOPortK_IRQHandler
                0x00000f78                ADCSeq2_IRQHandler
                0x00000f78                PWMGen2_IRQHandler
                0x00000f78                UART2_IRQHandler
                0x00000f78                GPIOPortP3_IRQHandler
                0x00000f78                ADC1Seq0_IRQHandler
                0x00000f78                UART4_IRQHandler
                0x00000f78                GPIOPortJ_IRQHandler
                0x00000f78                Default_Handler
                0x00000f78                WideTimer0A_IRQHandler
                0x00000f78                Timer5A_IRQHandler
                0x00000f78                WideTimer3B_IRQHandler
                0x00000f78                WideTimer2B_IRQHandler
                0x00000f78                WideTimer5A_IRQHandler
                0x00000f78                Timer4A_IRQHandler
                0x00000f78                QEI1_IRQHandler
                0x00000f78                PWM1Fault_IRQHandler
                0x00000f78                GPIOPortP6_IRQHandler
                0x00000f78                QEI0_IRQHandler
                0x00000f78                ADC1Seq2_IRQHandler
                0x00000f78                ADC1Seq1_IRQHandler
                0x00000f78                PWMGen3_IRQHandler
                0x00000f78                GPIOPortD_IRQHandler
                0x00000f78                USB0_IRQHandler
                0x00000f78                I2C3_IRQHandler
                0x00000f78                SVC_Handler
                0x00000f78                GPIOPortP2_IRQHandler
                0x00000f78                GPIOPortQ4_IRQHandler
                0x00000f78                Timer3B_IRQHandler
                0x00000f78                Timer3A_IRQHandler
                0x00000f78                GPIOPortA_IRQHandler
                0x00000f78                ADC1Seq3_IRQHandler
                0x00000f78                Timer0A_IRQHandler
                0x00000f78                GPIOPortP1_IRQHandler
                0x00000f78                ADCSeq0_IRQHandler
                0x00000f78                Timer1A_IRQHandler
                0x00000f78                GPIOPortG_IRQHandler
                0x00000f78                GPIOPortQ3_IRQHandler
                0x00000f78                GPIOPortQ1_IRQHandler
                0x00000f78                Timer5B_IRQHandler
                0x00000f78                ADCSeq3_IRQHandler
                0x00000f78                WideTimer4A_IRQHandler
                0x00000f78                GPIOPortE_IRQHandler
                0x00000f78                CAN0_IRQHandler
                0x00000f78                GPIOPortQ0_IRQHandler
                0x00000f78                Comp0_IRQHandler
                0x00000f78                Comp1_IRQHandler
                0x00000f78                Comp2_IRQHandler
                0x00000f78                GPIOPortQ6_IRQHandler
                0x00000f78                SSI2_IRQHandler
                0x00000f78                PWM1Gen0_IRQHandler
                0x00000f78                GPIOPortF_IRQHandler
                0x00000f78                UART7_IRQHandler
                0x00000f78                UART6_IRQHandler
                0x00000f78                WideTimer2A_IRQHandler
                0x00000f78                GPIOPortB_IRQHandler
                0x00000f78                WideTimer3A_IRQHandler
                0x00000f78                CAN2_IRQHandler
                0x00000f78                WideTimer1B_IRQHandler
                0x00000f78                GPIOPortH_IRQHandler
                0x00000f78                GPIOPortQ2_IRQHandler
                0x00000f78                GPIOPortR_IRQHandler
                0x00000f78                Timer4B_IRQHandler
                0x00000f78                Timer2A_IRQHandler
                0x00000f78                SSI3_IRQHandler
                0x00000f78                Timer2B_IRQHandler
                0x00000f78                uDMAError_IRQHandler
                0x00000f78                GPIOPortN_IRQHandler
                0x00000f78                UART3_IRQHandler
                0x00000f78                SysCtrl_IRQHandler
                0x00000f78                Hibernate_IRQHandler
                0x00000f78                PWM1Gen1_IRQHandler
 .text.getOscClk
                0x00000f94      0x198 ./ek-tm4c123gxl/system_TM4C123GH6PM.o
 .text.SystemCoreClockUpdate
                0x0000112c      0x118 ./ek-tm4c123gxl/system_TM4C123GH6PM.o
                0x0000112c                SystemCoreClockUpdate
 .text.SystemInit
                0x00001244       0xbc ./ek-tm4c123gxl/system_TM4C123GH6PM.o
                0x00001244                SystemInit
 .text.__NVIC_SetPriority
                0x00001300       0x54 ./src/bsp.o
 .text.__NVIC_SystemReset
                0x00001354       0x2c ./src/bsp.o
 .text.BSP_Init
                0x00001380       0x50 ./src/bsp.o
                0x00001380                BSP_Init
 .text.BSP_ledGreenOn
                0x000013d0       0x18 ./src/bsp.o
                0x000013d0                BSP_ledGreenOn
 .text.BSP_ledBlueOn
                0x000013e8       0x18 ./src/bsp.o
                0x000013e8                BSP_ledBlueOn
 .text.BSP_ledRedOn
                0x00001400       0x18 ./src/bsp.o
                0x00001400                BSP_ledRedOn
 .text.BSP_ledGreenOff
                0x00001418       0x18 ./src/bsp.o
                0x00001418                BSP_ledGreenOff
 .text.BSP_ledBlueOff
                0x00001430       0x18 ./src/bsp.o
                0x00001430                BSP_ledBlueOff
 .text.BSP_ledRedOff
                0x00001448       0x18 ./src/bsp.o
                0x00001448                BSP_ledRedOff
 .text.SysTick_Handler
                0x00001460       0x30 ./src/bsp.o
                0x00001460                SysTick_Handler
 .text.BSP_tickCtr
                0x00001490       0x20 ./src/bsp.o
                0x00001490                BSP_tickCtr
 .text.BSP_delay
                0x000014b0       0x2a ./src/bsp.o
                0x000014b0                BSP_delay
 *fill*         0x000014da        0x6 
 .text.OS_onStartup
                0x000014e0       0x58 ./src/bsp.o
                0x000014e0                OS_onStartup
 .text.assert_failed
                0x00001538        0xe ./src/bsp.o
                0x00001538                assert_failed
 .text.main_blinky1
                0x00001546        0xe ./src/main.o
                0x00001546                main_blinky1
 .text.main_blinky2
                0x00001554        0xe ./src/main.o
                0x00001554                main_blinky2
 *fill*         0x00001562        0x2 
 .text.main     0x00001564       0x44 ./src/main.o
                0x00001564                main
 .text.OSThread_Start
                0x000015a8      0x13c ./src/os.o
                0x000015a8                OSThread_Start
 .text.OS_Init  0x000016e4       0x1c ./src/os.o
                0x000016e4                OS_Init
 .text.OS_Schedule
                0x00001700      0x104 ./src/os.o
                0x00001700                OS_Schedule
 .text.OS_Run   0x00001804       0x14 ./src/os.o
                0x00001804                OS_Run
 .text.PendSV_Handler
                0x00001818       0x38 ./src/os.o
                0x00001818                PendSV_Handler
 .text:SysCtlDelay
                0x00001850        0x6 C:/ti/TivaWare_C_Series-2.2.0.295/driverlib/ccs/Debug/driverlib.lib(sysctl.obj)
                0x00001850                SysCtlDelay
 *fill*         0x00001856        0x2 
 .text:SysCtlVoltageEventStatus
                0x00001858        0xc C:/ti/TivaWare_C_Series-2.2.0.295/driverlib/ccs/Debug/driverlib.lib(sysctl.obj)
                0x00001858                SysCtlVoltageEventStatus
 .text:SysCtlVoltageEventConfig
                0x00001864        0xc C:/ti/TivaWare_C_Series-2.2.0.295/driverlib/ccs/Debug/driverlib.lib(sysctl.obj)
                0x00001864                SysCtlVoltageEventConfig
 .text:SysCtlVoltageEventClear
                0x00001870       0x10 C:/ti/TivaWare_C_Series-2.2.0.295/driverlib/ccs/Debug/driverlib.lib(sysctl.obj)
                0x00001870                SysCtlVoltageEventClear
 .text:SysCtlVCOGet
                0x00001880       0x70 C:/ti/TivaWare_C_Series-2.2.0.295/driverlib/ccs/Debug/driverlib.lib(sysctl.obj)
                0x00001880                SysCtlVCOGet
 .text:SysCtlUSBPLLEnable
                0x000018f0       0x14 C:/ti/TivaWare_C_Series-2.2.0.295/driverlib/ccs/Debug/driverlib.lib(sysctl.obj)
                0x000018f0                SysCtlUSBPLLEnable
 .text:SysCtlUSBPLLDisable
                0x00001904       0x14 C:/ti/TivaWare_C_Series-2.2.0.295/driverlib/ccs/Debug/driverlib.lib(sysctl.obj)
                0x00001904                SysCtlUSBPLLDisable
 .text:SysCtlSleepPowerSet
                0x00001918        0xc C:/ti/TivaWare_C_Series-2.2.0.295/driverlib/ccs/Debug/driverlib.lib(sysctl.obj)
                0x00001918                SysCtlSleepPowerSet
 .text:SysCtlSleep
                0x00001924        0x4 C:/ti/TivaWare_C_Series-2.2.0.295/driverlib/ccs/Debug/driverlib.lib(sysctl.obj)
                0x00001924                SysCtlSleep
 .text:SysCtlSRAMSizeGet
                0x00001928       0x14 C:/ti/TivaWare_C_Series-2.2.0.295/driverlib/ccs/Debug/driverlib.lib(sysctl.obj)
                0x00001928                SysCtlSRAMSizeGet
 .text:SysCtlResetCauseGet
                0x0000193c        0xc C:/ti/TivaWare_C_Series-2.2.0.295/driverlib/ccs/Debug/driverlib.lib(sysctl.obj)
                0x0000193c                SysCtlResetCauseGet
 .text:SysCtlResetCauseClear
                0x00001948       0x14 C:/ti/TivaWare_C_Series-2.2.0.295/driverlib/ccs/Debug/driverlib.lib(sysctl.obj)
                0x00001948                SysCtlResetCauseClear
 .text:SysCtlResetBehaviorSet
                0x0000195c        0xc C:/ti/TivaWare_C_Series-2.2.0.295/driverlib/ccs/Debug/driverlib.lib(sysctl.obj)
                0x0000195c                SysCtlResetBehaviorSet
 .text:SysCtlResetBehaviorGet
                0x00001968        0xc C:/ti/TivaWare_C_Series-2.2.0.295/driverlib/ccs/Debug/driverlib.lib(sysctl.obj)
                0x00001968                SysCtlResetBehaviorGet
 .text:SysCtlReset
                0x00001974       0x10 C:/ti/TivaWare_C_Series-2.2.0.295/driverlib/ccs/Debug/driverlib.lib(sysctl.obj)
                0x00001974                SysCtlReset
 .text:SysCtlPeripheralSleepEnable
                0x00001984       0x34 C:/ti/TivaWare_C_Series-2.2.0.295/driverlib/ccs/Debug/driverlib.lib(sysctl.obj)
                0x00001984                SysCtlPeripheralSleepEnable
 .text:SysCtlPeripheralSleepDisable
                0x000019b8       0x34 C:/ti/TivaWare_C_Series-2.2.0.295/driverlib/ccs/Debug/driverlib.lib(sysctl.obj)
                0x000019b8                SysCtlPeripheralSleepDisable
 .text:SysCtlPeripheralReset
                0x000019ec       0x50 C:/ti/TivaWare_C_Series-2.2.0.295/driverlib/ccs/Debug/driverlib.lib(sysctl.obj)
                0x000019ec                SysCtlPeripheralReset
 .text:SysCtlPeripheralReady
                0x00001a3c       0x38 C:/ti/TivaWare_C_Series-2.2.0.295/driverlib/ccs/Debug/driverlib.lib(sysctl.obj)
                0x00001a3c                SysCtlPeripheralReady
 .text:SysCtlPeripheralPresent
                0x00001a74       0x38 C:/ti/TivaWare_C_Series-2.2.0.295/driverlib/ccs/Debug/driverlib.lib(sysctl.obj)
                0x00001a74                SysCtlPeripheralPresent
 .text:SysCtlPeripheralPowerOn
                0x00001aac       0x34 C:/ti/TivaWare_C_Series-2.2.0.295/driverlib/ccs/Debug/driverlib.lib(sysctl.obj)
                0x00001aac                SysCtlPeripheralPowerOn
 .text:SysCtlPeripheralPowerOff
                0x00001ae0       0x34 C:/ti/TivaWare_C_Series-2.2.0.295/driverlib/ccs/Debug/driverlib.lib(sysctl.obj)
                0x00001ae0                SysCtlPeripheralPowerOff
 .text:SysCtlPeripheralEnable
                0x00001b14       0x34 C:/ti/TivaWare_C_Series-2.2.0.295/driverlib/ccs/Debug/driverlib.lib(sysctl.obj)
                0x00001b14                SysCtlPeripheralEnable
 .text:SysCtlPeripheralDisable
                0x00001b48       0x34 C:/ti/TivaWare_C_Series-2.2.0.295/driverlib/ccs/Debug/driverlib.lib(sysctl.obj)
                0x00001b48                SysCtlPeripheralDisable
 .text:SysCtlPeripheralDeepSleepEnable
                0x00001b7c       0x34 C:/ti/TivaWare_C_Series-2.2.0.295/driverlib/ccs/Debug/driverlib.lib(sysctl.obj)
                0x00001b7c                SysCtlPeripheralDeepSleepEnable
 .text:SysCtlPeripheralDeepSleepDisable
                0x00001bb0       0x34 C:/ti/TivaWare_C_Series-2.2.0.295/driverlib/ccs/Debug/driverlib.lib(sysctl.obj)
                0x00001bb0                SysCtlPeripheralDeepSleepDisable
 .text:SysCtlPeripheralClockGating
                0x00001be4       0x48 C:/ti/TivaWare_C_Series-2.2.0.295/driverlib/ccs/Debug/driverlib.lib(sysctl.obj)
                0x00001be4                SysCtlPeripheralClockGating
 .text:SysCtlPWMClockSet
                0x00001c2c       0x14 C:/ti/TivaWare_C_Series-2.2.0.295/driverlib/ccs/Debug/driverlib.lib(sysctl.obj)
                0x00001c2c                SysCtlPWMClockSet
 .text:SysCtlPWMClockGet
                0x00001c40       0x18 C:/ti/TivaWare_C_Series-2.2.0.295/driverlib/ccs/Debug/driverlib.lib(sysctl.obj)
                0x00001c40                SysCtlPWMClockGet
 .text:SysCtlPIOSCCalibrate
                0x00001c58       0x40 C:/ti/TivaWare_C_Series-2.2.0.295/driverlib/ccs/Debug/driverlib.lib(sysctl.obj)
                0x00001c58                SysCtlPIOSCCalibrate
 .text:SysCtlNMIStatus
                0x00001c98        0xc C:/ti/TivaWare_C_Series-2.2.0.295/driverlib/ccs/Debug/driverlib.lib(sysctl.obj)
                0x00001c98                SysCtlNMIStatus
 .text:SysCtlNMIClear
                0x00001ca4       0x14 C:/ti/TivaWare_C_Series-2.2.0.295/driverlib/ccs/Debug/driverlib.lib(sysctl.obj)
                0x00001ca4                SysCtlNMIClear
 .text:SysCtlMOSCConfigSet
                0x00001cb8        0xc C:/ti/TivaWare_C_Series-2.2.0.295/driverlib/ccs/Debug/driverlib.lib(sysctl.obj)
                0x00001cb8                SysCtlMOSCConfigSet
 .text:SysCtlLDOSleepSet
                0x00001cc4        0xc C:/ti/TivaWare_C_Series-2.2.0.295/driverlib/ccs/Debug/driverlib.lib(sysctl.obj)
                0x00001cc4                SysCtlLDOSleepSet
 .text:SysCtlLDOSleepGet
                0x00001cd0        0xc C:/ti/TivaWare_C_Series-2.2.0.295/driverlib/ccs/Debug/driverlib.lib(sysctl.obj)
                0x00001cd0                SysCtlLDOSleepGet
 .text:SysCtlLDODeepSleepSet
                0x00001cdc        0xc C:/ti/TivaWare_C_Series-2.2.0.295/driverlib/ccs/Debug/driverlib.lib(sysctl.obj)
                0x00001cdc                SysCtlLDODeepSleepSet
 .text:SysCtlLDODeepSleepGet
                0x00001ce8        0xc C:/ti/TivaWare_C_Series-2.2.0.295/driverlib/ccs/Debug/driverlib.lib(sysctl.obj)
                0x00001ce8                SysCtlLDODeepSleepGet
 .text:SysCtlIntUnregister
                0x00001cf4       0x10 C:/ti/TivaWare_C_Series-2.2.0.295/driverlib/ccs/Debug/driverlib.lib(sysctl.obj)
                0x00001cf4                SysCtlIntUnregister
 .text:SysCtlIntStatus
                0x00001d04       0x18 C:/ti/TivaWare_C_Series-2.2.0.295/driverlib/ccs/Debug/driverlib.lib(sysctl.obj)
                0x00001d04                SysCtlIntStatus
 .text:SysCtlIntRegister
                0x00001d1c       0x12 C:/ti/TivaWare_C_Series-2.2.0.295/driverlib/ccs/Debug/driverlib.lib(sysctl.obj)
                0x00001d1c                SysCtlIntRegister
 *fill*         0x00001d2e        0x2 
 .text:SysCtlIntEnable
                0x00001d30       0x10 C:/ti/TivaWare_C_Series-2.2.0.295/driverlib/ccs/Debug/driverlib.lib(sysctl.obj)
                0x00001d30                SysCtlIntEnable
 .text:SysCtlIntDisable
                0x00001d40       0x14 C:/ti/TivaWare_C_Series-2.2.0.295/driverlib/ccs/Debug/driverlib.lib(sysctl.obj)
                0x00001d40                SysCtlIntDisable
 .text:SysCtlIntClear
                0x00001d54        0xc C:/ti/TivaWare_C_Series-2.2.0.295/driverlib/ccs/Debug/driverlib.lib(sysctl.obj)
                0x00001d54                SysCtlIntClear
 .text:SysCtlGPIOAHBEnable
                0x00001d60       0x1c C:/ti/TivaWare_C_Series-2.2.0.295/driverlib/ccs/Debug/driverlib.lib(sysctl.obj)
                0x00001d60                SysCtlGPIOAHBEnable
 .text:SysCtlGPIOAHBDisable
                0x00001d7c       0x1c C:/ti/TivaWare_C_Series-2.2.0.295/driverlib/ccs/Debug/driverlib.lib(sysctl.obj)
                0x00001d7c                SysCtlGPIOAHBDisable
 .text:SysCtlFlashSizeGet
                0x00001d98       0x34 C:/ti/TivaWare_C_Series-2.2.0.295/driverlib/ccs/Debug/driverlib.lib(sysctl.obj)
                0x00001d98                SysCtlFlashSizeGet
 .text:SysCtlFlashSectorSizeGet
                0x00001dcc       0x34 C:/ti/TivaWare_C_Series-2.2.0.295/driverlib/ccs/Debug/driverlib.lib(sysctl.obj)
                0x00001dcc                SysCtlFlashSectorSizeGet
 .text:SysCtlDeepSleepPowerSet
                0x00001e00        0xc C:/ti/TivaWare_C_Series-2.2.0.295/driverlib/ccs/Debug/driverlib.lib(sysctl.obj)
                0x00001e00                SysCtlDeepSleepPowerSet
 .text:SysCtlDeepSleepClockSet
                0x00001e0c        0xc C:/ti/TivaWare_C_Series-2.2.0.295/driverlib/ccs/Debug/driverlib.lib(sysctl.obj)
                0x00001e0c                SysCtlDeepSleepClockSet
 .text:SysCtlDeepSleepClockConfigSet
                0x00001e18       0x64 C:/ti/TivaWare_C_Series-2.2.0.295/driverlib/ccs/Debug/driverlib.lib(sysctl.obj)
                0x00001e18                SysCtlDeepSleepClockConfigSet
 .text:SysCtlDeepSleep
                0x00001e7c       0x20 C:/ti/TivaWare_C_Series-2.2.0.295/driverlib/ccs/Debug/driverlib.lib(sysctl.obj)
                0x00001e7c                SysCtlDeepSleep
 .text:SysCtlClockSet
                0x00001e9c       0xf4 C:/ti/TivaWare_C_Series-2.2.0.295/driverlib/ccs/Debug/driverlib.lib(sysctl.obj)
                0x00001e9c                SysCtlClockSet
 .text:SysCtlClockOutConfig
                0x00001f90       0x14 C:/ti/TivaWare_C_Series-2.2.0.295/driverlib/ccs/Debug/driverlib.lib(sysctl.obj)
                0x00001f90                SysCtlClockOutConfig
 .text:SysCtlClockGet
                0x00001fa4      0x118 C:/ti/TivaWare_C_Series-2.2.0.295/driverlib/ccs/Debug/driverlib.lib(sysctl.obj)
                0x00001fa4                SysCtlClockGet
 .text:_SysCtlMemTimingGet
                0x000020bc       0x20 C:/ti/TivaWare_C_Series-2.2.0.295/driverlib/ccs/Debug/driverlib.lib(sysctl.obj)
 .text:_SysCtlFrequencyGet
                0x000020dc       0x48 C:/ti/TivaWare_C_Series-2.2.0.295/driverlib/ccs/Debug/driverlib.lib(sysctl.obj)
 .text:SysCtlClockFreqSet
                0x00002124      0x200 C:/ti/TivaWare_C_Series-2.2.0.295/driverlib/ccs/Debug/driverlib.lib(sysctl.obj)
                0x00002124                SysCtlClockFreqSet
 .text:SysCtlAltClkConfig
                0x00002324        0xc C:/ti/TivaWare_C_Series-2.2.0.295/driverlib/ccs/Debug/driverlib.lib(sysctl.obj)
                0x00002324                SysCtlAltClkConfig
 .text:CPUwfi   0x00002330        0x4 C:/ti/TivaWare_C_Series-2.2.0.295/driverlib/ccs/Debug/driverlib.lib(cpu.obj)
                0x00002330                CPUwfi
 .text:CPUprimask
                0x00002334        0xa C:/ti/TivaWare_C_Series-2.2.0.295/driverlib/ccs/Debug/driverlib.lib(cpu.obj)
                0x00002334                CPUprimask
 .text:CPUcpsie
                0x0000233e        0xc C:/ti/TivaWare_C_Series-2.2.0.295/driverlib/ccs/Debug/driverlib.lib(cpu.obj)
                0x0000233e                CPUcpsie
 .text:CPUcpsid
                0x0000234a        0xc C:/ti/TivaWare_C_Series-2.2.0.295/driverlib/ccs/Debug/driverlib.lib(cpu.obj)
                0x0000234a                CPUcpsid
 .text:CPUbasepriSet
                0x00002356        0x6 C:/ti/TivaWare_C_Series-2.2.0.295/driverlib/ccs/Debug/driverlib.lib(cpu.obj)
                0x00002356                CPUbasepriSet
 .text:CPUbasepriGet
                0x0000235c        0xa C:/ti/TivaWare_C_Series-2.2.0.295/driverlib/ccs/Debug/driverlib.lib(cpu.obj)
                0x0000235c                CPUbasepriGet
 .text:_IntDefaultHandler
                0x00002366        0x2 C:/ti/TivaWare_C_Series-2.2.0.295/driverlib/ccs/Debug/driverlib.lib(interrupt.obj)
 .text:IntUnregister
                0x00002368       0x14 C:/ti/TivaWare_C_Series-2.2.0.295/driverlib/ccs/Debug/driverlib.lib(interrupt.obj)
                0x00002368                IntUnregister
 .text:IntTrigger
                0x0000237c        0xc C:/ti/TivaWare_C_Series-2.2.0.295/driverlib/ccs/Debug/driverlib.lib(interrupt.obj)
                0x0000237c                IntTrigger
 .text:IntRegister
                0x00002388       0x34 C:/ti/TivaWare_C_Series-2.2.0.295/driverlib/ccs/Debug/driverlib.lib(interrupt.obj)
                0x00002388                IntRegister
 .text:IntPrioritySet
                0x000023bc       0x24 C:/ti/TivaWare_C_Series-2.2.0.295/driverlib/ccs/Debug/driverlib.lib(interrupt.obj)
                0x000023bc                IntPrioritySet
 .text:IntPriorityMaskSet
                0x000023e0        0x4 C:/ti/TivaWare_C_Series-2.2.0.295/driverlib/ccs/Debug/driverlib.lib(interrupt.obj)
                0x000023e0                IntPriorityMaskSet
 .text:IntPriorityMaskGet
                0x000023e4        0x4 C:/ti/TivaWare_C_Series-2.2.0.295/driverlib/ccs/Debug/driverlib.lib(interrupt.obj)
                0x000023e4                IntPriorityMaskGet
 .text:IntPriorityGroupingSet
                0x000023e8       0x20 C:/ti/TivaWare_C_Series-2.2.0.295/driverlib/ccs/Debug/driverlib.lib(interrupt.obj)
                0x000023e8                IntPriorityGroupingSet
 .text:IntPriorityGroupingGet
                0x00002408       0x30 C:/ti/TivaWare_C_Series-2.2.0.295/driverlib/ccs/Debug/driverlib.lib(interrupt.obj)
                0x00002408                IntPriorityGroupingGet
 .text:IntPriorityGet
                0x00002438       0x20 C:/ti/TivaWare_C_Series-2.2.0.295/driverlib/ccs/Debug/driverlib.lib(interrupt.obj)
                0x00002438                IntPriorityGet
 .text:IntPendSet
                0x00002458       0x54 C:/ti/TivaWare_C_Series-2.2.0.295/driverlib/ccs/Debug/driverlib.lib(interrupt.obj)
                0x00002458                IntPendSet
 .text:IntPendClear
                0x000024ac       0x48 C:/ti/TivaWare_C_Series-2.2.0.295/driverlib/ccs/Debug/driverlib.lib(interrupt.obj)
                0x000024ac                IntPendClear
 .text:IntMasterEnable
                0x000024f4       0x10 C:/ti/TivaWare_C_Series-2.2.0.295/driverlib/ccs/Debug/driverlib.lib(interrupt.obj)
                0x000024f4                IntMasterEnable
 .text:IntMasterDisable
                0x00002504       0x10 C:/ti/TivaWare_C_Series-2.2.0.295/driverlib/ccs/Debug/driverlib.lib(interrupt.obj)
                0x00002504                IntMasterDisable
 .text:IntIsEnabled
                0x00002514       0x64 C:/ti/TivaWare_C_Series-2.2.0.295/driverlib/ccs/Debug/driverlib.lib(interrupt.obj)
                0x00002514                IntIsEnabled
 .text:IntEnable
                0x00002578       0x68 C:/ti/TivaWare_C_Series-2.2.0.295/driverlib/ccs/Debug/driverlib.lib(interrupt.obj)
                0x00002578                IntEnable
 .text:IntDisable
                0x000025e0       0x68 C:/ti/TivaWare_C_Series-2.2.0.295/driverlib/ccs/Debug/driverlib.lib(interrupt.obj)
                0x000025e0                IntDisable
 .text.exit     0x00002648       0x20 c:/ti/ccs1240/ccs/tools/compiler/gcc-arm-none-eabi-9-2019-q4-major/bin/../lib/gcc/arm-none-eabi/9.2.1/../../../../arm-none-eabi/lib/thumb/v7e-m/nofp\libc.a(lib_a-exit.o)
                0x00002648                exit
 .text.__libc_init_array
                0x00002668       0x48 c:/ti/ccs1240/ccs/tools/compiler/gcc-arm-none-eabi-9-2019-q4-major/bin/../lib/gcc/arm-none-eabi/9.2.1/../../../../arm-none-eabi/lib/thumb/v7e-m/nofp\libc.a(lib_a-init.o)
                0x00002668                __libc_init_array
 .text.memset   0x000026b0       0xa0 c:/ti/ccs1240/ccs/tools/compiler/gcc-arm-none-eabi-9-2019-q4-major/bin/../lib/gcc/arm-none-eabi/9.2.1/../../../../arm-none-eabi/lib/thumb/v7e-m/nofp\libc.a(lib_a-memset.o)
                0x000026b0                memset
 .text.startup.register_fini
                0x00002750       0x14 c:/ti/ccs1240/ccs/tools/compiler/gcc-arm-none-eabi-9-2019-q4-major/bin/../lib/gcc/arm-none-eabi/9.2.1/../../../../arm-none-eabi/lib/thumb/v7e-m/nofp\libc.a(lib_a-__call_atexit.o)
 .text.__call_exitprocs
                0x00002764       0xc4 c:/ti/ccs1240/ccs/tools/compiler/gcc-arm-none-eabi-9-2019-q4-major/bin/../lib/gcc/arm-none-eabi/9.2.1/../../../../arm-none-eabi/lib/thumb/v7e-m/nofp\libc.a(lib_a-__call_atexit.o)
                0x00002764                __call_exitprocs
 .text.atexit   0x00002828        0xc c:/ti/ccs1240/ccs/tools/compiler/gcc-arm-none-eabi-9-2019-q4-major/bin/../lib/gcc/arm-none-eabi/9.2.1/../../../../arm-none-eabi/lib/thumb/v7e-m/nofp\libc.a(lib_a-atexit.o)
                0x00002828                atexit
 .text.__libc_fini_array
                0x00002834       0x2c c:/ti/ccs1240/ccs/tools/compiler/gcc-arm-none-eabi-9-2019-q4-major/bin/../lib/gcc/arm-none-eabi/9.2.1/../../../../arm-none-eabi/lib/thumb/v7e-m/nofp\libc.a(lib_a-fini.o)
                0x00002834                __libc_fini_array
 .text.__retarget_lock_init
                0x00002860        0x4 c:/ti/ccs1240/ccs/tools/compiler/gcc-arm-none-eabi-9-2019-q4-major/bin/../lib/gcc/arm-none-eabi/9.2.1/../../../../arm-none-eabi/lib/thumb/v7e-m/nofp\libc.a(lib_a-lock.o)
                0x00002860                __retarget_lock_init
 .text.__retarget_lock_init_recursive
                0x00002864        0x4 c:/ti/ccs1240/ccs/tools/compiler/gcc-arm-none-eabi-9-2019-q4-major/bin/../lib/gcc/arm-none-eabi/9.2.1/../../../../arm-none-eabi/lib/thumb/v7e-m/nofp\libc.a(lib_a-lock.o)
                0x00002864                __retarget_lock_init_recursive
 .text.__retarget_lock_close
                0x00002868        0x4 c:/ti/ccs1240/ccs/tools/compiler/gcc-arm-none-eabi-9-2019-q4-major/bin/../lib/gcc/arm-none-eabi/9.2.1/../../../../arm-none-eabi/lib/thumb/v7e-m/nofp\libc.a(lib_a-lock.o)
                0x00002868                __retarget_lock_close
 .text.__retarget_lock_close_recursive
                0x0000286c        0x4 c:/ti/ccs1240/ccs/tools/compiler/gcc-arm-none-eabi-9-2019-q4-major/bin/../lib/gcc/arm-none-eabi/9.2.1/../../../../arm-none-eabi/lib/thumb/v7e-m/nofp\libc.a(lib_a-lock.o)
                0x0000286c                __retarget_lock_close_recursive
 .text.__retarget_lock_acquire
                0x00002870        0x4 c:/ti/ccs1240/ccs/tools/compiler/gcc-arm-none-eabi-9-2019-q4-major/bin/../lib/gcc/arm-none-eabi/9.2.1/../../../../arm-none-eabi/lib/thumb/v7e-m/nofp\libc.a(lib_a-lock.o)
                0x00002870                __retarget_lock_acquire
 .text.__retarget_lock_acquire_recursive
                0x00002874        0x4 c:/ti/ccs1240/ccs/tools/compiler/gcc-arm-none-eabi-9-2019-q4-major/bin/../lib/gcc/arm-none-eabi/9.2.1/../../../../arm-none-eabi/lib/thumb/v7e-m/nofp\libc.a(lib_a-lock.o)
                0x00002874                __retarget_lock_acquire_recursive
 .text.__retarget_lock_try_acquire
                0x00002878        0x4 c:/ti/ccs1240/ccs/tools/compiler/gcc-arm-none-eabi-9-2019-q4-major/bin/../lib/gcc/arm-none-eabi/9.2.1/../../../../arm-none-eabi/lib/thumb/v7e-m/nofp\libc.a(lib_a-lock.o)
                0x00002878                __retarget_lock_try_acquire
 .text.__retarget_lock_try_acquire_recursive
                0x0000287c        0x4 c:/ti/ccs1240/ccs/tools/compiler/gcc-arm-none-eabi-9-2019-q4-major/bin/../lib/gcc/arm-none-eabi/9.2.1/../../../../arm-none-eabi/lib/thumb/v7e-m/nofp\libc.a(lib_a-lock.o)
                0x0000287c                __retarget_lock_try_acquire_recursive
 .text.__retarget_lock_release
                0x00002880        0x4 c:/ti/ccs1240/ccs/tools/compiler/gcc-arm-none-eabi-9-2019-q4-major/bin/../lib/gcc/arm-none-eabi/9.2.1/../../../../arm-none-eabi/lib/thumb/v7e-m/nofp\libc.a(lib_a-lock.o)
                0x00002880                __retarget_lock_release
 .text.__retarget_lock_release_recursive
                0x00002884        0x4 c:/ti/ccs1240/ccs/tools/compiler/gcc-arm-none-eabi-9-2019-q4-major/bin/../lib/gcc/arm-none-eabi/9.2.1/../../../../arm-none-eabi/lib/thumb/v7e-m/nofp\libc.a(lib_a-lock.o)
                0x00002884                __retarget_lock_release_recursive
 .text.__register_exitproc
                0x00002888       0x8c c:/ti/ccs1240/ccs/tools/compiler/gcc-arm-none-eabi-9-2019-q4-major/bin/../lib/gcc/arm-none-eabi/9.2.1/../../../../arm-none-eabi/lib/thumb/v7e-m/nofp\libc.a(lib_a-__atexit.o)
                0x00002888                __register_exitproc
 .text._exit    0x00002914        0x4 c:/ti/ccs1240/ccs/tools/compiler/gcc-arm-none-eabi-9-2019-q4-major/bin/../lib/gcc/arm-none-eabi/9.2.1/../../../../arm-none-eabi/lib/thumb/v7e-m/nofp\libnosys.a(_exit.o)
                0x00002914                _exit
 *(.rodata)
 .rodata        0x00002918        0xe ./tm4c123gh6pm_startup_ccs_gcc.o
 *fill*         0x00002926        0x2 
 .rodata        0x00002928        0x5 ./src/os.o
 *(.rodata*)
 *fill*         0x0000292d        0x3 
 .rodata._global_impure_ptr
                0x00002930        0x4 c:/ti/ccs1240/ccs/tools/compiler/gcc-arm-none-eabi-9-2019-q4-major/bin/../lib/gcc/arm-none-eabi/9.2.1/../../../../arm-none-eabi/lib/thumb/v7e-m/nofp\libc.a(lib_a-impure.o)
                0x00002930                _global_impure_ptr
 *(.init)
 .init          0x00002934        0x4 c:/ti/ccs1240/ccs/tools/compiler/gcc-arm-none-eabi-9-2019-q4-major/bin/../lib/gcc/arm-none-eabi/9.2.1/thumb/v7e-m/nofp/crti.o
                0x00002934                _init
 .init          0x00002938        0x8 c:/ti/ccs1240/ccs/tools/compiler/gcc-arm-none-eabi-9-2019-q4-major/bin/../lib/gcc/arm-none-eabi/9.2.1/thumb/v7e-m/nofp/crtn.o
 *(.fini)
 .fini          0x00002940        0x4 c:/ti/ccs1240/ccs/tools/compiler/gcc-arm-none-eabi-9-2019-q4-major/bin/../lib/gcc/arm-none-eabi/9.2.1/thumb/v7e-m/nofp/crti.o
                0x00002940                _fini
 .fini          0x00002944        0x8 c:/ti/ccs1240/ccs/tools/compiler/gcc-arm-none-eabi-9-2019-q4-major/bin/../lib/gcc/arm-none-eabi/9.2.1/thumb/v7e-m/nofp/crtn.o
                0x0000294c                . = ALIGN (0x4)

.glue_7         0x0000294c        0x0
 .glue_7        0x0000294c        0x0 linker stubs

.glue_7t        0x0000294c        0x0
 .glue_7t       0x0000294c        0x0 linker stubs

.vfp11_veneer   0x0000294c        0x0
 .vfp11_veneer  0x0000294c        0x0 linker stubs

.v4_bx          0x0000294c        0x0
 .v4_bx         0x0000294c        0x0 linker stubs

.iplt           0x0000294c        0x0
 .iplt          0x0000294c        0x0 c:/ti/ccs1240/ccs/tools/compiler/gcc-arm-none-eabi-9-2019-q4-major/bin/../lib/gcc/arm-none-eabi/9.2.1/thumb/v7e-m/nofp/crtbegin.o

.rel.dyn        0x0000294c        0x0
 .rel.iplt      0x0000294c        0x0 c:/ti/ccs1240/ccs/tools/compiler/gcc-arm-none-eabi-9-2019-q4-major/bin/../lib/gcc/arm-none-eabi/9.2.1/thumb/v7e-m/nofp/crtbegin.o

.preinit_array  0x0000294c        0x0
                0x0000294c                PROVIDE (__preinit_array_start = .)
 *(.preinit_array*)
                0x0000294c                PROVIDE (__preinit_array_end = .)

.init_array     0x0000294c        0x8
                0x0000294c                PROVIDE (__init_array_start = .)
 *(SORT_BY_NAME(.init_array.*))
 .init_array.00000
                0x0000294c        0x4 c:/ti/ccs1240/ccs/tools/compiler/gcc-arm-none-eabi-9-2019-q4-major/bin/../lib/gcc/arm-none-eabi/9.2.1/../../../../arm-none-eabi/lib/thumb/v7e-m/nofp\libc.a(lib_a-__call_atexit.o)
 *(.init_array*)
 .init_array    0x00002950        0x4 c:/ti/ccs1240/ccs/tools/compiler/gcc-arm-none-eabi-9-2019-q4-major/bin/../lib/gcc/arm-none-eabi/9.2.1/thumb/v7e-m/nofp/crtbegin.o
                0x00002954                PROVIDE (__init_array_end = .)

.fini_array     0x00002954        0x4
                0x00002954                PROVIDE (__fini_array_start = .)
 *(.fini_array*)
 .fini_array    0x00002954        0x4 c:/ti/ccs1240/ccs/tools/compiler/gcc-arm-none-eabi-9-2019-q4-major/bin/../lib/gcc/arm-none-eabi/9.2.1/thumb/v7e-m/nofp/crtbegin.o
 *(SORT_BY_NAME(.fini_array.*))
                0x00002958                PROVIDE (__fini_array_end = .)
                0x00002958                _etext = .

.stack          0x20000000      0x400
                0x20000000                __stack_start__ = .
                0x20000400                . = (. + STACK_SIZE)
 *fill*         0x20000000      0x400 
                0x20000400                . = ALIGN (0x4)
                0x20000400                __stack_end__ = .

.data           0x20000400      0x43c load address 0x00002958
                0x00002958                __data_load = LOADADDR (.data)
                0x20000400                __data_start = .
 *(.data)
 .data          0x20000400        0x0 c:/ti/ccs1240/ccs/tools/compiler/gcc-arm-none-eabi-9-2019-q4-major/bin/../lib/gcc/arm-none-eabi/9.2.1/thumb/v7e-m/nofp/crti.o
 .data          0x20000400        0x4 c:/ti/ccs1240/ccs/tools/compiler/gcc-arm-none-eabi-9-2019-q4-major/bin/../lib/gcc/arm-none-eabi/9.2.1/thumb/v7e-m/nofp/crtbegin.o
                0x20000400                __dso_handle
 .data          0x20000404        0x0 c:/ti/ccs1240/ccs/tools/compiler/gcc-arm-none-eabi-9-2019-q4-major/bin/../lib/gcc/arm-none-eabi/9.2.1/../../../../arm-none-eabi/lib/thumb/v7e-m/nofp/crt0.o
 .data          0x20000404        0x0 ./tm4c123gh6pm_startup_ccs_gcc.o
 .data          0x20000404        0x0 ./ek-tm4c123gxl/system_TM4C123GH6PM.o
 .data          0x20000404        0x0 ./src/bsp.o
 .data          0x20000404        0x0 ./src/main.o
 .data          0x20000404        0x0 ./src/os.o
 .data          0x20000404        0x0 c:/ti/ccs1240/ccs/tools/compiler/gcc-arm-none-eabi-9-2019-q4-major/bin/../lib/gcc/arm-none-eabi/9.2.1/../../../../arm-none-eabi/lib/thumb/v7e-m/nofp\libc.a(lib_a-exit.o)
 .data          0x20000404        0x0 c:/ti/ccs1240/ccs/tools/compiler/gcc-arm-none-eabi-9-2019-q4-major/bin/../lib/gcc/arm-none-eabi/9.2.1/../../../../arm-none-eabi/lib/thumb/v7e-m/nofp\libc.a(lib_a-impure.o)
 .data          0x20000404        0x0 c:/ti/ccs1240/ccs/tools/compiler/gcc-arm-none-eabi-9-2019-q4-major/bin/../lib/gcc/arm-none-eabi/9.2.1/../../../../arm-none-eabi/lib/thumb/v7e-m/nofp\libc.a(lib_a-init.o)
 .data          0x20000404        0x0 c:/ti/ccs1240/ccs/tools/compiler/gcc-arm-none-eabi-9-2019-q4-major/bin/../lib/gcc/arm-none-eabi/9.2.1/../../../../arm-none-eabi/lib/thumb/v7e-m/nofp\libc.a(lib_a-memset.o)
 .data          0x20000404        0x0 c:/ti/ccs1240/ccs/tools/compiler/gcc-arm-none-eabi-9-2019-q4-major/bin/../lib/gcc/arm-none-eabi/9.2.1/../../../../arm-none-eabi/lib/thumb/v7e-m/nofp\libc.a(lib_a-__call_atexit.o)
 .data          0x20000404        0x0 c:/ti/ccs1240/ccs/tools/compiler/gcc-arm-none-eabi-9-2019-q4-major/bin/../lib/gcc/arm-none-eabi/9.2.1/../../../../arm-none-eabi/lib/thumb/v7e-m/nofp\libc.a(lib_a-atexit.o)
 .data          0x20000404        0x0 c:/ti/ccs1240/ccs/tools/compiler/gcc-arm-none-eabi-9-2019-q4-major/bin/../lib/gcc/arm-none-eabi/9.2.1/../../../../arm-none-eabi/lib/thumb/v7e-m/nofp\libc.a(lib_a-fini.o)
 .data          0x20000404        0x0 c:/ti/ccs1240/ccs/tools/compiler/gcc-arm-none-eabi-9-2019-q4-major/bin/../lib/gcc/arm-none-eabi/9.2.1/../../../../arm-none-eabi/lib/thumb/v7e-m/nofp\libc.a(lib_a-lock.o)
 .data          0x20000404        0x0 c:/ti/ccs1240/ccs/tools/compiler/gcc-arm-none-eabi-9-2019-q4-major/bin/../lib/gcc/arm-none-eabi/9.2.1/../../../../arm-none-eabi/lib/thumb/v7e-m/nofp\libc.a(lib_a-__atexit.o)
 .data          0x20000404        0x0 c:/ti/ccs1240/ccs/tools/compiler/gcc-arm-none-eabi-9-2019-q4-major/bin/../lib/gcc/arm-none-eabi/9.2.1/thumb/v7e-m/nofp\libgcc.a(_arm_addsubdf3.o)
 .data          0x20000404        0x0 c:/ti/ccs1240/ccs/tools/compiler/gcc-arm-none-eabi-9-2019-q4-major/bin/../lib/gcc/arm-none-eabi/9.2.1/thumb/v7e-m/nofp\libgcc.a(_arm_muldivdf3.o)
 .data          0x20000404        0x0 c:/ti/ccs1240/ccs/tools/compiler/gcc-arm-none-eabi-9-2019-q4-major/bin/../lib/gcc/arm-none-eabi/9.2.1/thumb/v7e-m/nofp\libgcc.a(_arm_fixunsdfsi.o)
 .data          0x20000404        0x0 c:/ti/ccs1240/ccs/tools/compiler/gcc-arm-none-eabi-9-2019-q4-major/bin/../lib/gcc/arm-none-eabi/9.2.1/../../../../arm-none-eabi/lib/thumb/v7e-m/nofp\libnosys.a(_exit.o)
 .data          0x20000404        0x0 c:/ti/ccs1240/ccs/tools/compiler/gcc-arm-none-eabi-9-2019-q4-major/bin/../lib/gcc/arm-none-eabi/9.2.1/thumb/v7e-m/nofp/crtend.o
 .data          0x20000404        0x0 c:/ti/ccs1240/ccs/tools/compiler/gcc-arm-none-eabi-9-2019-q4-major/bin/../lib/gcc/arm-none-eabi/9.2.1/thumb/v7e-m/nofp/crtn.o
 *(.data*)
 .data.SystemCoreClock
                0x20000404        0x4 ./ek-tm4c123gxl/system_TM4C123GH6PM.o
                0x20000404                SystemCoreClock
 .data._impure_ptr
                0x20000408        0x4 c:/ti/ccs1240/ccs/tools/compiler/gcc-arm-none-eabi-9-2019-q4-major/bin/../lib/gcc/arm-none-eabi/9.2.1/../../../../arm-none-eabi/lib/thumb/v7e-m/nofp\libc.a(lib_a-impure.o)
                0x20000408                _impure_ptr
 *fill*         0x2000040c        0x4 
 .data.impure_data
                0x20000410      0x428 c:/ti/ccs1240/ccs/tools/compiler/gcc-arm-none-eabi-9-2019-q4-major/bin/../lib/gcc/arm-none-eabi/9.2.1/../../../../arm-none-eabi/lib/thumb/v7e-m/nofp\libc.a(lib_a-impure.o)
 .data.__atexit_recursive_mutex
                0x20000838        0x4 c:/ti/ccs1240/ccs/tools/compiler/gcc-arm-none-eabi-9-2019-q4-major/bin/../lib/gcc/arm-none-eabi/9.2.1/../../../../arm-none-eabi/lib/thumb/v7e-m/nofp\libc.a(lib_a-__call_atexit.o)
                0x20000838                __atexit_recursive_mutex
                0x2000083c                . = ALIGN (0x4)
                0x2000083c                __data_end__ = .
                0x2000083c                _edata = __data_end__

.igot.plt       0x2000083c        0x0 load address 0x00002d94
 .igot.plt      0x2000083c        0x0 c:/ti/ccs1240/ccs/tools/compiler/gcc-arm-none-eabi-9-2019-q4-major/bin/../lib/gcc/arm-none-eabi/9.2.1/thumb/v7e-m/nofp/crtbegin.o

.bss            0x2000083c      0x21c load address 0x00002d94
                0x2000083c                __bss_start__ = .
 *(.bss)
 .bss           0x2000083c        0x0 c:/ti/ccs1240/ccs/tools/compiler/gcc-arm-none-eabi-9-2019-q4-major/bin/../lib/gcc/arm-none-eabi/9.2.1/thumb/v7e-m/nofp/crti.o
 .bss           0x2000083c       0x1c c:/ti/ccs1240/ccs/tools/compiler/gcc-arm-none-eabi-9-2019-q4-major/bin/../lib/gcc/arm-none-eabi/9.2.1/thumb/v7e-m/nofp/crtbegin.o
 .bss           0x20000858        0x0 c:/ti/ccs1240/ccs/tools/compiler/gcc-arm-none-eabi-9-2019-q4-major/bin/../lib/gcc/arm-none-eabi/9.2.1/../../../../arm-none-eabi/lib/thumb/v7e-m/nofp/crt0.o
 .bss           0x20000858        0x0 ./tm4c123gh6pm_startup_ccs_gcc.o
 .bss           0x20000858        0x0 ./ek-tm4c123gxl/system_TM4C123GH6PM.o
 .bss           0x20000858        0x0 ./src/bsp.o
 .bss           0x20000858        0x0 ./src/main.o
 .bss           0x20000858        0x0 ./src/os.o
 .bss           0x20000858        0x0 c:/ti/ccs1240/ccs/tools/compiler/gcc-arm-none-eabi-9-2019-q4-major/bin/../lib/gcc/arm-none-eabi/9.2.1/../../../../arm-none-eabi/lib/thumb/v7e-m/nofp\libc.a(lib_a-exit.o)
 .bss           0x20000858        0x0 c:/ti/ccs1240/ccs/tools/compiler/gcc-arm-none-eabi-9-2019-q4-major/bin/../lib/gcc/arm-none-eabi/9.2.1/../../../../arm-none-eabi/lib/thumb/v7e-m/nofp\libc.a(lib_a-impure.o)
 .bss           0x20000858        0x0 c:/ti/ccs1240/ccs/tools/compiler/gcc-arm-none-eabi-9-2019-q4-major/bin/../lib/gcc/arm-none-eabi/9.2.1/../../../../arm-none-eabi/lib/thumb/v7e-m/nofp\libc.a(lib_a-init.o)
 .bss           0x20000858        0x0 c:/ti/ccs1240/ccs/tools/compiler/gcc-arm-none-eabi-9-2019-q4-major/bin/../lib/gcc/arm-none-eabi/9.2.1/../../../../arm-none-eabi/lib/thumb/v7e-m/nofp\libc.a(lib_a-memset.o)
 .bss           0x20000858        0x0 c:/ti/ccs1240/ccs/tools/compiler/gcc-arm-none-eabi-9-2019-q4-major/bin/../lib/gcc/arm-none-eabi/9.2.1/../../../../arm-none-eabi/lib/thumb/v7e-m/nofp\libc.a(lib_a-__call_atexit.o)
 .bss           0x20000858        0x0 c:/ti/ccs1240/ccs/tools/compiler/gcc-arm-none-eabi-9-2019-q4-major/bin/../lib/gcc/arm-none-eabi/9.2.1/../../../../arm-none-eabi/lib/thumb/v7e-m/nofp\libc.a(lib_a-atexit.o)
 .bss           0x20000858        0x0 c:/ti/ccs1240/ccs/tools/compiler/gcc-arm-none-eabi-9-2019-q4-major/bin/../lib/gcc/arm-none-eabi/9.2.1/../../../../arm-none-eabi/lib/thumb/v7e-m/nofp\libc.a(lib_a-fini.o)
 .bss           0x20000858        0x0 c:/ti/ccs1240/ccs/tools/compiler/gcc-arm-none-eabi-9-2019-q4-major/bin/../lib/gcc/arm-none-eabi/9.2.1/../../../../arm-none-eabi/lib/thumb/v7e-m/nofp\libc.a(lib_a-lock.o)
 .bss           0x20000858        0x0 c:/ti/ccs1240/ccs/tools/compiler/gcc-arm-none-eabi-9-2019-q4-major/bin/../lib/gcc/arm-none-eabi/9.2.1/../../../../arm-none-eabi/lib/thumb/v7e-m/nofp\libc.a(lib_a-__atexit.o)
 .bss           0x20000858        0x0 c:/ti/ccs1240/ccs/tools/compiler/gcc-arm-none-eabi-9-2019-q4-major/bin/../lib/gcc/arm-none-eabi/9.2.1/thumb/v7e-m/nofp\libgcc.a(_arm_addsubdf3.o)
 .bss           0x20000858        0x0 c:/ti/ccs1240/ccs/tools/compiler/gcc-arm-none-eabi-9-2019-q4-major/bin/../lib/gcc/arm-none-eabi/9.2.1/thumb/v7e-m/nofp\libgcc.a(_arm_muldivdf3.o)
 .bss           0x20000858        0x0 c:/ti/ccs1240/ccs/tools/compiler/gcc-arm-none-eabi-9-2019-q4-major/bin/../lib/gcc/arm-none-eabi/9.2.1/thumb/v7e-m/nofp\libgcc.a(_arm_fixunsdfsi.o)
 .bss           0x20000858        0x0 c:/ti/ccs1240/ccs/tools/compiler/gcc-arm-none-eabi-9-2019-q4-major/bin/../lib/gcc/arm-none-eabi/9.2.1/../../../../arm-none-eabi/lib/thumb/v7e-m/nofp\libnosys.a(_exit.o)
 .bss           0x20000858        0x0 c:/ti/ccs1240/ccs/tools/compiler/gcc-arm-none-eabi-9-2019-q4-major/bin/../lib/gcc/arm-none-eabi/9.2.1/thumb/v7e-m/nofp/crtend.o
 .bss           0x20000858        0x0 c:/ti/ccs1240/ccs/tools/compiler/gcc-arm-none-eabi-9-2019-q4-major/bin/../lib/gcc/arm-none-eabi/9.2.1/thumb/v7e-m/nofp/crtn.o
 *(.bss*)
 .bss.l_tickCtr
                0x20000858        0x4 ./src/bsp.o
 .bss.threadsCnt_gu8
                0x2000085c        0x1 ./src/os.o
                0x2000085c                threadsCnt_gu8
 .bss.currIdx_gu8
                0x2000085d        0x1 ./src/os.o
                0x2000085d                currIdx_gu8
 .bss.stackTime_Cnt
                0x2000085e        0x2 ./src/os.o
 *(COMMON)
 COMMON         0x20000860      0x150 ./src/main.o
                0x20000860                stack_blinky2
                0x20000900                stack_blinky1
                0x200009a0                blinky1
                0x200009a8                blinky2
 COMMON         0x200009b0       0x84 ./src/os.o
                0x200009b0                OS_curr_ptr
                0x200009b4                OS_Threads
                0x20000a30                OS_next_ptr
 COMMON         0x20000a34       0x21 c:/ti/ccs1240/ccs/tools/compiler/gcc-arm-none-eabi-9-2019-q4-major/bin/../lib/gcc/arm-none-eabi/9.2.1/../../../../arm-none-eabi/lib/thumb/v7e-m/nofp\libc.a(lib_a-lock.o)
                0x20000a34                __lock___atexit_recursive_mutex
                0x20000a38                __lock___arc4random_mutex
                0x20000a3c                __lock___env_recursive_mutex
                0x20000a40                __lock___sinit_recursive_mutex
                0x20000a44                __lock___malloc_recursive_mutex
                0x20000a48                __lock___at_quick_exit_mutex
                0x20000a4c                __lock___dd_hash_mutex
                0x20000a50                __lock___tz_mutex
                0x20000a54                __lock___sfp_recursive_mutex
                0x20000a58                . = ALIGN (0x4)
 *fill*         0x20000a55        0x3 
                0x20000a58                _ebss = .
                0x20000a58                __bss_end__ = .
                [!provide]                PROVIDE (end = _ebss)
                [!provide]                PROVIDE (_end = _ebss)
                [!provide]                PROVIDE (__end__ = _ebss)

.vtable         0x20000c00      0x26c load address 0x00003400
 .vtable        0x20000c00      0x26c C:/ti/TivaWare_C_Series-2.2.0.295/driverlib/ccs/Debug/driverlib.lib(interrupt.obj)
                0x20000c00                g_pfnRAMVectors

.heap           0x20000e6c       0x10 load address 0x0000366c
                0x20000e6c                __heap_start__ = .
                0x20000e7c                . = (. + HEAP_SIZE)
 *fill*         0x20000e6c       0x10 
                0x20000e7c                . = ALIGN (0x4)
                0x20000e7c                __heap_end__ = .

/DISCARD/
 libc.a(*)
 libm.a(*)
 libgcc.a(*)
START GROUP
LOAD c:/ti/ccs1240/ccs/tools/compiler/gcc-arm-none-eabi-9-2019-q4-major/bin/../lib/gcc/arm-none-eabi/9.2.1/thumb/v7e-m/nofp\libgcc.a
LOAD c:/ti/ccs1240/ccs/tools/compiler/gcc-arm-none-eabi-9-2019-q4-major/bin/../lib/gcc/arm-none-eabi/9.2.1/../../../../arm-none-eabi/lib/thumb/v7e-m/nofp\libg.a
LOAD c:/ti/ccs1240/ccs/tools/compiler/gcc-arm-none-eabi-9-2019-q4-major/bin/../lib/gcc/arm-none-eabi/9.2.1/../../../../arm-none-eabi/lib/thumb/v7e-m/nofp\libc.a
END GROUP
START GROUP
LOAD c:/ti/ccs1240/ccs/tools/compiler/gcc-arm-none-eabi-9-2019-q4-major/bin/../lib/gcc/arm-none-eabi/9.2.1/thumb/v7e-m/nofp\libgcc.a
LOAD c:/ti/ccs1240/ccs/tools/compiler/gcc-arm-none-eabi-9-2019-q4-major/bin/../lib/gcc/arm-none-eabi/9.2.1/../../../../arm-none-eabi/lib/thumb/v7e-m/nofp\libc.a
LOAD c:/ti/ccs1240/ccs/tools/compiler/gcc-arm-none-eabi-9-2019-q4-major/bin/../lib/gcc/arm-none-eabi/9.2.1/../../../../arm-none-eabi/lib/thumb/v7e-m/nofp\libnosys.a
END GROUP
LOAD c:/ti/ccs1240/ccs/tools/compiler/gcc-arm-none-eabi-9-2019-q4-major/bin/../lib/gcc/arm-none-eabi/9.2.1/thumb/v7e-m/nofp/crtend.o
LOAD c:/ti/ccs1240/ccs/tools/compiler/gcc-arm-none-eabi-9-2019-q4-major/bin/../lib/gcc/arm-none-eabi/9.2.1/thumb/v7e-m/nofp/crtn.o
OUTPUT(RTOS.out elf32-littlearm)

.ARM.attributes
                0x00000000       0x30
 .ARM.attributes
                0x00000000       0x1e c:/ti/ccs1240/ccs/tools/compiler/gcc-arm-none-eabi-9-2019-q4-major/bin/../lib/gcc/arm-none-eabi/9.2.1/thumb/v7e-m/nofp/crti.o
 .ARM.attributes
                0x0000001e       0x2e c:/ti/ccs1240/ccs/tools/compiler/gcc-arm-none-eabi-9-2019-q4-major/bin/../lib/gcc/arm-none-eabi/9.2.1/thumb/v7e-m/nofp/crtbegin.o
 .ARM.attributes
                0x0000004c       0x1c c:/ti/ccs1240/ccs/tools/compiler/gcc-arm-none-eabi-9-2019-q4-major/bin/../lib/gcc/arm-none-eabi/9.2.1/../../../../arm-none-eabi/lib/thumb/v7e-m/nofp/crt0.o
 .ARM.attributes
                0x00000068       0x2e ./tm4c123gh6pm_startup_ccs_gcc.o
 .ARM.attributes
                0x00000096       0x2e ./ek-tm4c123gxl/system_TM4C123GH6PM.o
 .ARM.attributes
                0x000000c4       0x2e ./src/bsp.o
 .ARM.attributes
                0x000000f2       0x2e ./src/main.o
 .ARM.attributes
                0x00000120       0x2e ./src/os.o
 .ARM.attributes
                0x0000014e       0xa7 C:/ti/TivaWare_C_Series-2.2.0.295/driverlib/ccs/Debug/driverlib.lib(sysctl.obj)
 .ARM.attributes
                0x000001f5       0xa7 C:/ti/TivaWare_C_Series-2.2.0.295/driverlib/ccs/Debug/driverlib.lib(cpu.obj)
 .ARM.attributes
                0x0000029c       0xa7 C:/ti/TivaWare_C_Series-2.2.0.295/driverlib/ccs/Debug/driverlib.lib(interrupt.obj)
 .ARM.attributes
                0x00000343       0x2e c:/ti/ccs1240/ccs/tools/compiler/gcc-arm-none-eabi-9-2019-q4-major/bin/../lib/gcc/arm-none-eabi/9.2.1/../../../../arm-none-eabi/lib/thumb/v7e-m/nofp\libnosys.a(_exit.o)
 .ARM.attributes
                0x00000371       0x2e c:/ti/ccs1240/ccs/tools/compiler/gcc-arm-none-eabi-9-2019-q4-major/bin/../lib/gcc/arm-none-eabi/9.2.1/thumb/v7e-m/nofp/crtend.o
 .ARM.attributes
                0x0000039f       0x1e c:/ti/ccs1240/ccs/tools/compiler/gcc-arm-none-eabi-9-2019-q4-major/bin/../lib/gcc/arm-none-eabi/9.2.1/thumb/v7e-m/nofp/crtn.o

.comment        0x00000000       0x79
 .comment       0x00000000       0x79 ./tm4c123gh6pm_startup_ccs_gcc.o
                                 0x7a (size before relaxing)
 .comment       0x00000079       0x7a ./ek-tm4c123gxl/system_TM4C123GH6PM.o
 .comment       0x00000079       0x7a ./src/bsp.o
 .comment       0x00000079       0x7a ./src/main.o
 .comment       0x00000079       0x7a ./src/os.o

.TI.symbol.alias
                0x00000000       0x33
 .TI.symbol.alias
                0x00000000       0x11 C:/ti/TivaWare_C_Series-2.2.0.295/driverlib/ccs/Debug/driverlib.lib(sysctl.obj)
 .TI.symbol.alias
                0x00000011        0x9 C:/ti/TivaWare_C_Series-2.2.0.295/driverlib/ccs/Debug/driverlib.lib(cpu.obj)
 .TI.symbol.alias
                0x0000001a       0x19 C:/ti/TivaWare_C_Series-2.2.0.295/driverlib/ccs/Debug/driverlib.lib(interrupt.obj)

.TI.section.flags
                0x00000000       0x4e
 .TI.section.flags
                0x00000000       0x1a C:/ti/TivaWare_C_Series-2.2.0.295/driverlib/ccs/Debug/driverlib.lib(sysctl.obj)
 .TI.section.flags
                0x0000001a       0x1a C:/ti/TivaWare_C_Series-2.2.0.295/driverlib/ccs/Debug/driverlib.lib(cpu.obj)
 .TI.section.flags
                0x00000034       0x1a C:/ti/TivaWare_C_Series-2.2.0.295/driverlib/ccs/Debug/driverlib.lib(interrupt.obj)

.debug_info     0x00000000    0x11057
 .debug_info    0x00000000      0x1af ./tm4c123gh6pm_startup_ccs_gcc.o
 .debug_info    0x000001af      0xda8 ./ek-tm4c123gxl/system_TM4C123GH6PM.o
 .debug_info    0x00000f57     0x1646 ./src/bsp.o
 .debug_info    0x0000259d      0x19a ./src/main.o
 .debug_info    0x00002737      0x2ad ./src/os.o
 .debug_info    0x000029e4      0x441 C:/ti/TivaWare_C_Series-2.2.0.295/driverlib/ccs/Debug/driverlib.lib(sysctl.obj)
 .debug_info    0x00002e25      0x156 C:/ti/TivaWare_C_Series-2.2.0.295/driverlib/ccs/Debug/driverlib.lib(sysctl.obj)
 .debug_info    0x00002f7b      0x162 C:/ti/TivaWare_C_Series-2.2.0.295/driverlib/ccs/Debug/driverlib.lib(sysctl.obj)
 .debug_info    0x000030dd      0x15c C:/ti/TivaWare_C_Series-2.2.0.295/driverlib/ccs/Debug/driverlib.lib(sysctl.obj)
 .debug_info    0x00003239      0x169 C:/ti/TivaWare_C_Series-2.2.0.295/driverlib/ccs/Debug/driverlib.lib(sysctl.obj)
 .debug_info    0x000033a2      0x244 C:/ti/TivaWare_C_Series-2.2.0.295/driverlib/ccs/Debug/driverlib.lib(sysctl.obj)
 .debug_info    0x000035e6      0x27a C:/ti/TivaWare_C_Series-2.2.0.295/driverlib/ccs/Debug/driverlib.lib(sysctl.obj)
 .debug_info    0x00003860      0x278 C:/ti/TivaWare_C_Series-2.2.0.295/driverlib/ccs/Debug/driverlib.lib(sysctl.obj)
 .debug_info    0x00003ad8      0x329 C:/ti/TivaWare_C_Series-2.2.0.295/driverlib/ccs/Debug/driverlib.lib(sysctl.obj)
 .debug_info    0x00003e01      0x234 C:/ti/TivaWare_C_Series-2.2.0.295/driverlib/ccs/Debug/driverlib.lib(sysctl.obj)
 .debug_info    0x00004035      0x236 C:/ti/TivaWare_C_Series-2.2.0.295/driverlib/ccs/Debug/driverlib.lib(sysctl.obj)
 .debug_info    0x0000426b      0x270 C:/ti/TivaWare_C_Series-2.2.0.295/driverlib/ccs/Debug/driverlib.lib(sysctl.obj)
 .debug_info    0x000044db      0x22e C:/ti/TivaWare_C_Series-2.2.0.295/driverlib/ccs/Debug/driverlib.lib(sysctl.obj)
 .debug_info    0x00004709      0x236 C:/ti/TivaWare_C_Series-2.2.0.295/driverlib/ccs/Debug/driverlib.lib(sysctl.obj)
 .debug_info    0x0000493f      0x23a C:/ti/TivaWare_C_Series-2.2.0.295/driverlib/ccs/Debug/driverlib.lib(sysctl.obj)
 .debug_info    0x00004b79      0x274 C:/ti/TivaWare_C_Series-2.2.0.295/driverlib/ccs/Debug/driverlib.lib(sysctl.obj)
 .debug_info    0x00004ded      0x27e C:/ti/TivaWare_C_Series-2.2.0.295/driverlib/ccs/Debug/driverlib.lib(sysctl.obj)
 .debug_info    0x0000506b      0x240 C:/ti/TivaWare_C_Series-2.2.0.295/driverlib/ccs/Debug/driverlib.lib(sysctl.obj)
 .debug_info    0x000052ab      0x21b C:/ti/TivaWare_C_Series-2.2.0.295/driverlib/ccs/Debug/driverlib.lib(sysctl.obj)
 .debug_info    0x000054c6      0x290 C:/ti/TivaWare_C_Series-2.2.0.295/driverlib/ccs/Debug/driverlib.lib(sysctl.obj)
 .debug_info    0x00005756      0x292 C:/ti/TivaWare_C_Series-2.2.0.295/driverlib/ccs/Debug/driverlib.lib(sysctl.obj)
 .debug_info    0x000059e8      0x29e C:/ti/TivaWare_C_Series-2.2.0.295/driverlib/ccs/Debug/driverlib.lib(sysctl.obj)
 .debug_info    0x00005c86      0x288 C:/ti/TivaWare_C_Series-2.2.0.295/driverlib/ccs/Debug/driverlib.lib(sysctl.obj)
 .debug_info    0x00005f0e      0x28c C:/ti/TivaWare_C_Series-2.2.0.295/driverlib/ccs/Debug/driverlib.lib(sysctl.obj)
 .debug_info    0x0000619a      0x288 C:/ti/TivaWare_C_Series-2.2.0.295/driverlib/ccs/Debug/driverlib.lib(sysctl.obj)
 .debug_info    0x00006422      0x28a C:/ti/TivaWare_C_Series-2.2.0.295/driverlib/ccs/Debug/driverlib.lib(sysctl.obj)
 .debug_info    0x000066ac      0x286 C:/ti/TivaWare_C_Series-2.2.0.295/driverlib/ccs/Debug/driverlib.lib(sysctl.obj)
 .debug_info    0x00006932      0x288 C:/ti/TivaWare_C_Series-2.2.0.295/driverlib/ccs/Debug/driverlib.lib(sysctl.obj)
 .debug_info    0x00006bba      0x298 C:/ti/TivaWare_C_Series-2.2.0.295/driverlib/ccs/Debug/driverlib.lib(sysctl.obj)
 .debug_info    0x00006e52      0x29a C:/ti/TivaWare_C_Series-2.2.0.295/driverlib/ccs/Debug/driverlib.lib(sysctl.obj)
 .debug_info    0x000070ec      0x27a C:/ti/TivaWare_C_Series-2.2.0.295/driverlib/ccs/Debug/driverlib.lib(sysctl.obj)
 .debug_info    0x00007366      0x26c C:/ti/TivaWare_C_Series-2.2.0.295/driverlib/ccs/Debug/driverlib.lib(sysctl.obj)
 .debug_info    0x000075d2      0x236 C:/ti/TivaWare_C_Series-2.2.0.295/driverlib/ccs/Debug/driverlib.lib(sysctl.obj)
 .debug_info    0x00007808      0x26e C:/ti/TivaWare_C_Series-2.2.0.295/driverlib/ccs/Debug/driverlib.lib(sysctl.obj)
 .debug_info    0x00007a76      0x232 C:/ti/TivaWare_C_Series-2.2.0.295/driverlib/ccs/Debug/driverlib.lib(sysctl.obj)
 .debug_info    0x00007ca8      0x25e C:/ti/TivaWare_C_Series-2.2.0.295/driverlib/ccs/Debug/driverlib.lib(sysctl.obj)
 .debug_info    0x00007f06      0x270 C:/ti/TivaWare_C_Series-2.2.0.295/driverlib/ccs/Debug/driverlib.lib(sysctl.obj)
 .debug_info    0x00008176      0x270 C:/ti/TivaWare_C_Series-2.2.0.295/driverlib/ccs/Debug/driverlib.lib(sysctl.obj)
 .debug_info    0x000083e6      0x236 C:/ti/TivaWare_C_Series-2.2.0.295/driverlib/ccs/Debug/driverlib.lib(sysctl.obj)
 .debug_info    0x0000861c      0x278 C:/ti/TivaWare_C_Series-2.2.0.295/driverlib/ccs/Debug/driverlib.lib(sysctl.obj)
 .debug_info    0x00008894      0x23e C:/ti/TivaWare_C_Series-2.2.0.295/driverlib/ccs/Debug/driverlib.lib(sysctl.obj)
 .debug_info    0x00008ad2      0x25b C:/ti/TivaWare_C_Series-2.2.0.295/driverlib/ccs/Debug/driverlib.lib(sysctl.obj)
 .debug_info    0x00008d2d      0x260 C:/ti/TivaWare_C_Series-2.2.0.295/driverlib/ccs/Debug/driverlib.lib(sysctl.obj)
 .debug_info    0x00008f8d      0x28e C:/ti/TivaWare_C_Series-2.2.0.295/driverlib/ccs/Debug/driverlib.lib(sysctl.obj)
 .debug_info    0x0000921b      0x260 C:/ti/TivaWare_C_Series-2.2.0.295/driverlib/ccs/Debug/driverlib.lib(sysctl.obj)
 .debug_info    0x0000947b      0x262 C:/ti/TivaWare_C_Series-2.2.0.295/driverlib/ccs/Debug/driverlib.lib(sysctl.obj)
 .debug_info    0x000096dd      0x25e C:/ti/TivaWare_C_Series-2.2.0.295/driverlib/ccs/Debug/driverlib.lib(sysctl.obj)
 .debug_info    0x0000993b      0x290 C:/ti/TivaWare_C_Series-2.2.0.295/driverlib/ccs/Debug/driverlib.lib(sysctl.obj)
 .debug_info    0x00009bcb      0x292 C:/ti/TivaWare_C_Series-2.2.0.295/driverlib/ccs/Debug/driverlib.lib(sysctl.obj)
 .debug_info    0x00009e5d      0x238 C:/ti/TivaWare_C_Series-2.2.0.295/driverlib/ccs/Debug/driverlib.lib(sysctl.obj)
 .debug_info    0x0000a095      0x24a C:/ti/TivaWare_C_Series-2.2.0.295/driverlib/ccs/Debug/driverlib.lib(sysctl.obj)
 .debug_info    0x0000a2df      0x278 C:/ti/TivaWare_C_Series-2.2.0.295/driverlib/ccs/Debug/driverlib.lib(sysctl.obj)
 .debug_info    0x0000a557      0x278 C:/ti/TivaWare_C_Series-2.2.0.295/driverlib/ccs/Debug/driverlib.lib(sysctl.obj)
 .debug_info    0x0000a7cf      0x2cd C:/ti/TivaWare_C_Series-2.2.0.295/driverlib/ccs/Debug/driverlib.lib(sysctl.obj)
 .debug_info    0x0000aa9c      0x23b C:/ti/TivaWare_C_Series-2.2.0.295/driverlib/ccs/Debug/driverlib.lib(sysctl.obj)
 .debug_info    0x0000acd7      0x2e4 C:/ti/TivaWare_C_Series-2.2.0.295/driverlib/ccs/Debug/driverlib.lib(sysctl.obj)
 .debug_info    0x0000afbb      0x2a0 C:/ti/TivaWare_C_Series-2.2.0.295/driverlib/ccs/Debug/driverlib.lib(sysctl.obj)
 .debug_info    0x0000b25b      0x2be C:/ti/TivaWare_C_Series-2.2.0.295/driverlib/ccs/Debug/driverlib.lib(sysctl.obj)
 .debug_info    0x0000b519      0x279 C:/ti/TivaWare_C_Series-2.2.0.295/driverlib/ccs/Debug/driverlib.lib(sysctl.obj)
 .debug_info    0x0000b792      0x2c3 C:/ti/TivaWare_C_Series-2.2.0.295/driverlib/ccs/Debug/driverlib.lib(sysctl.obj)
 .debug_info    0x0000ba55      0x4a3 C:/ti/TivaWare_C_Series-2.2.0.295/driverlib/ccs/Debug/driverlib.lib(sysctl.obj)
 .debug_info    0x0000bef8      0x26e C:/ti/TivaWare_C_Series-2.2.0.295/driverlib/ccs/Debug/driverlib.lib(sysctl.obj)
 .debug_info    0x0000c166       0x51 C:/ti/TivaWare_C_Series-2.2.0.295/driverlib/ccs/Debug/driverlib.lib(sysctl.obj)
                0x0000c166                __TI_DW.debug_info.sysctl.c.f8b3b56b03d082a94b5eca0919519da9
 .debug_info    0x0000c1b7      0x26b C:/ti/TivaWare_C_Series-2.2.0.295/driverlib/ccs/Debug/driverlib.lib(sysctl.obj)
                0x0000c1b7                __TI_DW.debug_info._types.h.43d1cacce190b95e6437fd847148530d
 .debug_info    0x0000c422       0x8b C:/ti/TivaWare_C_Series-2.2.0.295/driverlib/ccs/Debug/driverlib.lib(sysctl.obj)
                0x0000c422                __TI_DW.debug_info.$base_types.a3001db55c69772f4e2efd565078122a
 .debug_info    0x0000c4ad      0x297 C:/ti/TivaWare_C_Series-2.2.0.295/driverlib/ccs/Debug/driverlib.lib(sysctl.obj)
                0x0000c4ad                __TI_DW.debug_info._types.h.e7a3952d1825457eb36f221a12d89d4c
 .debug_info    0x0000c744       0xef C:/ti/TivaWare_C_Series-2.2.0.295/driverlib/ccs/Debug/driverlib.lib(sysctl.obj)
                0x0000c744                __TI_DW.debug_info.stdint.h.bea3b7b0a29703fc756909815d78587f
 .debug_info    0x0000c833       0xbb C:/ti/TivaWare_C_Series-2.2.0.295/driverlib/ccs/Debug/driverlib.lib(sysctl.obj)
                0x0000c833                __TI_DW.debug_info._stdint.h.85daf7c5502c6bd1b05ba18825ca6ecf
 .debug_info    0x0000c8ee      0x2d7 C:/ti/TivaWare_C_Series-2.2.0.295/driverlib/ccs/Debug/driverlib.lib(cpu.obj)
 .debug_info    0x0000cbc5      0x213 C:/ti/TivaWare_C_Series-2.2.0.295/driverlib/ccs/Debug/driverlib.lib(cpu.obj)
 .debug_info    0x0000cdd8      0x21c C:/ti/TivaWare_C_Series-2.2.0.295/driverlib/ccs/Debug/driverlib.lib(cpu.obj)
 .debug_info    0x0000cff4      0x21b C:/ti/TivaWare_C_Series-2.2.0.295/driverlib/ccs/Debug/driverlib.lib(cpu.obj)
 .debug_info    0x0000d20f      0x218 C:/ti/TivaWare_C_Series-2.2.0.295/driverlib/ccs/Debug/driverlib.lib(cpu.obj)
 .debug_info    0x0000d427      0x246 C:/ti/TivaWare_C_Series-2.2.0.295/driverlib/ccs/Debug/driverlib.lib(cpu.obj)
 .debug_info    0x0000d66d      0x225 C:/ti/TivaWare_C_Series-2.2.0.295/driverlib/ccs/Debug/driverlib.lib(cpu.obj)
 .debug_info    0x0000d892       0x84 C:/ti/TivaWare_C_Series-2.2.0.295/driverlib/ccs/Debug/driverlib.lib(cpu.obj)
                0x0000d892                __TI_DW.debug_info.$base_types.c8c38483d660372cd06395436475430b
 .debug_info    0x0000d916      0x3b7 C:/ti/TivaWare_C_Series-2.2.0.295/driverlib/ccs/Debug/driverlib.lib(interrupt.obj)
 .debug_info    0x0000dccd      0x15f C:/ti/TivaWare_C_Series-2.2.0.295/driverlib/ccs/Debug/driverlib.lib(interrupt.obj)
 .debug_info    0x0000de2c      0x157 C:/ti/TivaWare_C_Series-2.2.0.295/driverlib/ccs/Debug/driverlib.lib(interrupt.obj)
 .debug_info    0x0000df83      0x15b C:/ti/TivaWare_C_Series-2.2.0.295/driverlib/ccs/Debug/driverlib.lib(interrupt.obj)
 .debug_info    0x0000e0de      0x161 C:/ti/TivaWare_C_Series-2.2.0.295/driverlib/ccs/Debug/driverlib.lib(interrupt.obj)
 .debug_info    0x0000e23f      0x15f C:/ti/TivaWare_C_Series-2.2.0.295/driverlib/ccs/Debug/driverlib.lib(interrupt.obj)
 .debug_info    0x0000e39e      0x163 C:/ti/TivaWare_C_Series-2.2.0.295/driverlib/ccs/Debug/driverlib.lib(interrupt.obj)
 .debug_info    0x0000e501      0x160 C:/ti/TivaWare_C_Series-2.2.0.295/driverlib/ccs/Debug/driverlib.lib(interrupt.obj)
 .debug_info    0x0000e661      0x22e C:/ti/TivaWare_C_Series-2.2.0.295/driverlib/ccs/Debug/driverlib.lib(interrupt.obj)
 .debug_info    0x0000e88f      0x279 C:/ti/TivaWare_C_Series-2.2.0.295/driverlib/ccs/Debug/driverlib.lib(interrupt.obj)
 .debug_info    0x0000eb08      0x273 C:/ti/TivaWare_C_Series-2.2.0.295/driverlib/ccs/Debug/driverlib.lib(interrupt.obj)
 .debug_info    0x0000ed7b      0x2ca C:/ti/TivaWare_C_Series-2.2.0.295/driverlib/ccs/Debug/driverlib.lib(interrupt.obj)
 .debug_info    0x0000f045      0x2d2 C:/ti/TivaWare_C_Series-2.2.0.295/driverlib/ccs/Debug/driverlib.lib(interrupt.obj)
 .debug_info    0x0000f317      0x275 C:/ti/TivaWare_C_Series-2.2.0.295/driverlib/ccs/Debug/driverlib.lib(interrupt.obj)
 .debug_info    0x0000f58c      0x250 C:/ti/TivaWare_C_Series-2.2.0.295/driverlib/ccs/Debug/driverlib.lib(interrupt.obj)
 .debug_info    0x0000f7dc      0x277 C:/ti/TivaWare_C_Series-2.2.0.295/driverlib/ccs/Debug/driverlib.lib(interrupt.obj)
 .debug_info    0x0000fa53      0x27d C:/ti/TivaWare_C_Series-2.2.0.295/driverlib/ccs/Debug/driverlib.lib(interrupt.obj)
 .debug_info    0x0000fcd0      0x27f C:/ti/TivaWare_C_Series-2.2.0.295/driverlib/ccs/Debug/driverlib.lib(interrupt.obj)
 .debug_info    0x0000ff4f      0x273 C:/ti/TivaWare_C_Series-2.2.0.295/driverlib/ccs/Debug/driverlib.lib(interrupt.obj)
 .debug_info    0x000101c2      0x277 C:/ti/TivaWare_C_Series-2.2.0.295/driverlib/ccs/Debug/driverlib.lib(interrupt.obj)
 .debug_info    0x00010439      0x247 C:/ti/TivaWare_C_Series-2.2.0.295/driverlib/ccs/Debug/driverlib.lib(interrupt.obj)
 .debug_info    0x00010680      0x249 C:/ti/TivaWare_C_Series-2.2.0.295/driverlib/ccs/Debug/driverlib.lib(interrupt.obj)
 .debug_info    0x000108c9      0x2aa C:/ti/TivaWare_C_Series-2.2.0.295/driverlib/ccs/Debug/driverlib.lib(interrupt.obj)
 .debug_info    0x00010b73      0x271 C:/ti/TivaWare_C_Series-2.2.0.295/driverlib/ccs/Debug/driverlib.lib(interrupt.obj)
 .debug_info    0x00010de4      0x273 C:/ti/TivaWare_C_Series-2.2.0.295/driverlib/ccs/Debug/driverlib.lib(interrupt.obj)

.debug_abbrev   0x00000000     0x2ab0
 .debug_abbrev  0x00000000       0xee ./tm4c123gh6pm_startup_ccs_gcc.o
 .debug_abbrev  0x000000ee      0x153 ./ek-tm4c123gxl/system_TM4C123GH6PM.o
 .debug_abbrev  0x00000241      0x225 ./src/bsp.o
 .debug_abbrev  0x00000466      0x10d ./src/main.o
 .debug_abbrev  0x00000573      0x13b ./src/os.o
 .debug_abbrev  0x000006ae       0xbb C:/ti/TivaWare_C_Series-2.2.0.295/driverlib/ccs/Debug/driverlib.lib(sysctl.obj)
 .debug_abbrev  0x00000769       0x27 C:/ti/TivaWare_C_Series-2.2.0.295/driverlib/ccs/Debug/driverlib.lib(sysctl.obj)
 .debug_abbrev  0x00000790       0x27 C:/ti/TivaWare_C_Series-2.2.0.295/driverlib/ccs/Debug/driverlib.lib(sysctl.obj)
 .debug_abbrev  0x000007b7       0x27 C:/ti/TivaWare_C_Series-2.2.0.295/driverlib/ccs/Debug/driverlib.lib(sysctl.obj)
 .debug_abbrev  0x000007de       0x27 C:/ti/TivaWare_C_Series-2.2.0.295/driverlib/ccs/Debug/driverlib.lib(sysctl.obj)
 .debug_abbrev  0x00000805       0x52 C:/ti/TivaWare_C_Series-2.2.0.295/driverlib/ccs/Debug/driverlib.lib(sysctl.obj)
 .debug_abbrev  0x00000857       0x6c C:/ti/TivaWare_C_Series-2.2.0.295/driverlib/ccs/Debug/driverlib.lib(sysctl.obj)
 .debug_abbrev  0x000008c3       0x6c C:/ti/TivaWare_C_Series-2.2.0.295/driverlib/ccs/Debug/driverlib.lib(sysctl.obj)
 .debug_abbrev  0x0000092f       0x6e C:/ti/TivaWare_C_Series-2.2.0.295/driverlib/ccs/Debug/driverlib.lib(sysctl.obj)
 .debug_abbrev  0x0000099d       0x50 C:/ti/TivaWare_C_Series-2.2.0.295/driverlib/ccs/Debug/driverlib.lib(sysctl.obj)
 .debug_abbrev  0x000009ed       0x50 C:/ti/TivaWare_C_Series-2.2.0.295/driverlib/ccs/Debug/driverlib.lib(sysctl.obj)
 .debug_abbrev  0x00000a3d       0x6c C:/ti/TivaWare_C_Series-2.2.0.295/driverlib/ccs/Debug/driverlib.lib(sysctl.obj)
 .debug_abbrev  0x00000aa9       0x55 C:/ti/TivaWare_C_Series-2.2.0.295/driverlib/ccs/Debug/driverlib.lib(sysctl.obj)
 .debug_abbrev  0x00000afe       0x52 C:/ti/TivaWare_C_Series-2.2.0.295/driverlib/ccs/Debug/driverlib.lib(sysctl.obj)
 .debug_abbrev  0x00000b50       0x52 C:/ti/TivaWare_C_Series-2.2.0.295/driverlib/ccs/Debug/driverlib.lib(sysctl.obj)
 .debug_abbrev  0x00000ba2       0x6c C:/ti/TivaWare_C_Series-2.2.0.295/driverlib/ccs/Debug/driverlib.lib(sysctl.obj)
 .debug_abbrev  0x00000c0e       0x6c C:/ti/TivaWare_C_Series-2.2.0.295/driverlib/ccs/Debug/driverlib.lib(sysctl.obj)
 .debug_abbrev  0x00000c7a       0x52 C:/ti/TivaWare_C_Series-2.2.0.295/driverlib/ccs/Debug/driverlib.lib(sysctl.obj)
 .debug_abbrev  0x00000ccc       0x42 C:/ti/TivaWare_C_Series-2.2.0.295/driverlib/ccs/Debug/driverlib.lib(sysctl.obj)
 .debug_abbrev  0x00000d0e       0x6c C:/ti/TivaWare_C_Series-2.2.0.295/driverlib/ccs/Debug/driverlib.lib(sysctl.obj)
 .debug_abbrev  0x00000d7a       0x6c C:/ti/TivaWare_C_Series-2.2.0.295/driverlib/ccs/Debug/driverlib.lib(sysctl.obj)
 .debug_abbrev  0x00000de6       0x6c C:/ti/TivaWare_C_Series-2.2.0.295/driverlib/ccs/Debug/driverlib.lib(sysctl.obj)
 .debug_abbrev  0x00000e52       0x6e C:/ti/TivaWare_C_Series-2.2.0.295/driverlib/ccs/Debug/driverlib.lib(sysctl.obj)
 .debug_abbrev  0x00000ec0       0x6e C:/ti/TivaWare_C_Series-2.2.0.295/driverlib/ccs/Debug/driverlib.lib(sysctl.obj)
 .debug_abbrev  0x00000f2e       0x6c C:/ti/TivaWare_C_Series-2.2.0.295/driverlib/ccs/Debug/driverlib.lib(sysctl.obj)
 .debug_abbrev  0x00000f9a       0x6c C:/ti/TivaWare_C_Series-2.2.0.295/driverlib/ccs/Debug/driverlib.lib(sysctl.obj)
 .debug_abbrev  0x00001006       0x6c C:/ti/TivaWare_C_Series-2.2.0.295/driverlib/ccs/Debug/driverlib.lib(sysctl.obj)
 .debug_abbrev  0x00001072       0x6c C:/ti/TivaWare_C_Series-2.2.0.295/driverlib/ccs/Debug/driverlib.lib(sysctl.obj)
 .debug_abbrev  0x000010de       0x6c C:/ti/TivaWare_C_Series-2.2.0.295/driverlib/ccs/Debug/driverlib.lib(sysctl.obj)
 .debug_abbrev  0x0000114a       0x6c C:/ti/TivaWare_C_Series-2.2.0.295/driverlib/ccs/Debug/driverlib.lib(sysctl.obj)
 .debug_abbrev  0x000011b6       0x6c C:/ti/TivaWare_C_Series-2.2.0.295/driverlib/ccs/Debug/driverlib.lib(sysctl.obj)
 .debug_abbrev  0x00001222       0x6c C:/ti/TivaWare_C_Series-2.2.0.295/driverlib/ccs/Debug/driverlib.lib(sysctl.obj)
 .debug_abbrev  0x0000128e       0x52 C:/ti/TivaWare_C_Series-2.2.0.295/driverlib/ccs/Debug/driverlib.lib(sysctl.obj)
 .debug_abbrev  0x000012e0       0x6e C:/ti/TivaWare_C_Series-2.2.0.295/driverlib/ccs/Debug/driverlib.lib(sysctl.obj)
 .debug_abbrev  0x0000134e       0x52 C:/ti/TivaWare_C_Series-2.2.0.295/driverlib/ccs/Debug/driverlib.lib(sysctl.obj)
 .debug_abbrev  0x000013a0       0x6c C:/ti/TivaWare_C_Series-2.2.0.295/driverlib/ccs/Debug/driverlib.lib(sysctl.obj)
 .debug_abbrev  0x0000140c       0x6c C:/ti/TivaWare_C_Series-2.2.0.295/driverlib/ccs/Debug/driverlib.lib(sysctl.obj)
 .debug_abbrev  0x00001478       0x6c C:/ti/TivaWare_C_Series-2.2.0.295/driverlib/ccs/Debug/driverlib.lib(sysctl.obj)
 .debug_abbrev  0x000014e4       0x52 C:/ti/TivaWare_C_Series-2.2.0.295/driverlib/ccs/Debug/driverlib.lib(sysctl.obj)
 .debug_abbrev  0x00001536       0x6c C:/ti/TivaWare_C_Series-2.2.0.295/driverlib/ccs/Debug/driverlib.lib(sysctl.obj)
 .debug_abbrev  0x000015a2       0x52 C:/ti/TivaWare_C_Series-2.2.0.295/driverlib/ccs/Debug/driverlib.lib(sysctl.obj)
 .debug_abbrev  0x000015f4       0x5e C:/ti/TivaWare_C_Series-2.2.0.295/driverlib/ccs/Debug/driverlib.lib(sysctl.obj)
 .debug_abbrev  0x00001652       0x6e C:/ti/TivaWare_C_Series-2.2.0.295/driverlib/ccs/Debug/driverlib.lib(sysctl.obj)
 .debug_abbrev  0x000016c0       0x7a C:/ti/TivaWare_C_Series-2.2.0.295/driverlib/ccs/Debug/driverlib.lib(sysctl.obj)
 .debug_abbrev  0x0000173a       0x6c C:/ti/TivaWare_C_Series-2.2.0.295/driverlib/ccs/Debug/driverlib.lib(sysctl.obj)
 .debug_abbrev  0x000017a6       0x6c C:/ti/TivaWare_C_Series-2.2.0.295/driverlib/ccs/Debug/driverlib.lib(sysctl.obj)
 .debug_abbrev  0x00001812       0x6c C:/ti/TivaWare_C_Series-2.2.0.295/driverlib/ccs/Debug/driverlib.lib(sysctl.obj)
 .debug_abbrev  0x0000187e       0x6c C:/ti/TivaWare_C_Series-2.2.0.295/driverlib/ccs/Debug/driverlib.lib(sysctl.obj)
 .debug_abbrev  0x000018ea       0x6c C:/ti/TivaWare_C_Series-2.2.0.295/driverlib/ccs/Debug/driverlib.lib(sysctl.obj)
 .debug_abbrev  0x00001956       0x52 C:/ti/TivaWare_C_Series-2.2.0.295/driverlib/ccs/Debug/driverlib.lib(sysctl.obj)
 .debug_abbrev  0x000019a8       0x52 C:/ti/TivaWare_C_Series-2.2.0.295/driverlib/ccs/Debug/driverlib.lib(sysctl.obj)
 .debug_abbrev  0x000019fa       0x6c C:/ti/TivaWare_C_Series-2.2.0.295/driverlib/ccs/Debug/driverlib.lib(sysctl.obj)
 .debug_abbrev  0x00001a66       0x6c C:/ti/TivaWare_C_Series-2.2.0.295/driverlib/ccs/Debug/driverlib.lib(sysctl.obj)
 .debug_abbrev  0x00001ad2       0x6c C:/ti/TivaWare_C_Series-2.2.0.295/driverlib/ccs/Debug/driverlib.lib(sysctl.obj)
 .debug_abbrev  0x00001b3e       0x5e C:/ti/TivaWare_C_Series-2.2.0.295/driverlib/ccs/Debug/driverlib.lib(sysctl.obj)
 .debug_abbrev  0x00001b9c       0x7a C:/ti/TivaWare_C_Series-2.2.0.295/driverlib/ccs/Debug/driverlib.lib(sysctl.obj)
 .debug_abbrev  0x00001c16       0x6c C:/ti/TivaWare_C_Series-2.2.0.295/driverlib/ccs/Debug/driverlib.lib(sysctl.obj)
 .debug_abbrev  0x00001c82       0x60 C:/ti/TivaWare_C_Series-2.2.0.295/driverlib/ccs/Debug/driverlib.lib(sysctl.obj)
 .debug_abbrev  0x00001ce2       0x6c C:/ti/TivaWare_C_Series-2.2.0.295/driverlib/ccs/Debug/driverlib.lib(sysctl.obj)
 .debug_abbrev  0x00001d4e       0x6c C:/ti/TivaWare_C_Series-2.2.0.295/driverlib/ccs/Debug/driverlib.lib(sysctl.obj)
 .debug_abbrev  0x00001dba       0x7c C:/ti/TivaWare_C_Series-2.2.0.295/driverlib/ccs/Debug/driverlib.lib(sysctl.obj)
 .debug_abbrev  0x00001e36       0x6c C:/ti/TivaWare_C_Series-2.2.0.295/driverlib/ccs/Debug/driverlib.lib(sysctl.obj)
 .debug_abbrev  0x00001ea2       0x38 C:/ti/TivaWare_C_Series-2.2.0.295/driverlib/ccs/Debug/driverlib.lib(sysctl.obj)
 .debug_abbrev  0x00001eda       0x69 C:/ti/TivaWare_C_Series-2.2.0.295/driverlib/ccs/Debug/driverlib.lib(sysctl.obj)
 .debug_abbrev  0x00001f43       0x1f C:/ti/TivaWare_C_Series-2.2.0.295/driverlib/ccs/Debug/driverlib.lib(sysctl.obj)
 .debug_abbrev  0x00001f62       0x5c C:/ti/TivaWare_C_Series-2.2.0.295/driverlib/ccs/Debug/driverlib.lib(sysctl.obj)
 .debug_abbrev  0x00001fbe       0x24 C:/ti/TivaWare_C_Series-2.2.0.295/driverlib/ccs/Debug/driverlib.lib(sysctl.obj)
 .debug_abbrev  0x00001fe2       0x24 C:/ti/TivaWare_C_Series-2.2.0.295/driverlib/ccs/Debug/driverlib.lib(sysctl.obj)
 .debug_abbrev  0x00002006       0x27 C:/ti/TivaWare_C_Series-2.2.0.295/driverlib/ccs/Debug/driverlib.lib(cpu.obj)
 .debug_abbrev  0x0000202d       0x50 C:/ti/TivaWare_C_Series-2.2.0.295/driverlib/ccs/Debug/driverlib.lib(cpu.obj)
 .debug_abbrev  0x0000207d       0x52 C:/ti/TivaWare_C_Series-2.2.0.295/driverlib/ccs/Debug/driverlib.lib(cpu.obj)
 .debug_abbrev  0x000020cf       0x52 C:/ti/TivaWare_C_Series-2.2.0.295/driverlib/ccs/Debug/driverlib.lib(cpu.obj)
 .debug_abbrev  0x00002121       0x52 C:/ti/TivaWare_C_Series-2.2.0.295/driverlib/ccs/Debug/driverlib.lib(cpu.obj)
 .debug_abbrev  0x00002173       0x5e C:/ti/TivaWare_C_Series-2.2.0.295/driverlib/ccs/Debug/driverlib.lib(cpu.obj)
 .debug_abbrev  0x000021d1       0x52 C:/ti/TivaWare_C_Series-2.2.0.295/driverlib/ccs/Debug/driverlib.lib(cpu.obj)
 .debug_abbrev  0x00002223       0x1f C:/ti/TivaWare_C_Series-2.2.0.295/driverlib/ccs/Debug/driverlib.lib(cpu.obj)
 .debug_abbrev  0x00002242       0x99 C:/ti/TivaWare_C_Series-2.2.0.295/driverlib/ccs/Debug/driverlib.lib(interrupt.obj)
 .debug_abbrev  0x000022db       0x27 C:/ti/TivaWare_C_Series-2.2.0.295/driverlib/ccs/Debug/driverlib.lib(interrupt.obj)
 .debug_abbrev  0x00002302       0x27 C:/ti/TivaWare_C_Series-2.2.0.295/driverlib/ccs/Debug/driverlib.lib(interrupt.obj)
 .debug_abbrev  0x00002329       0x27 C:/ti/TivaWare_C_Series-2.2.0.295/driverlib/ccs/Debug/driverlib.lib(interrupt.obj)
 .debug_abbrev  0x00002350       0x27 C:/ti/TivaWare_C_Series-2.2.0.295/driverlib/ccs/Debug/driverlib.lib(interrupt.obj)
 .debug_abbrev  0x00002377       0x27 C:/ti/TivaWare_C_Series-2.2.0.295/driverlib/ccs/Debug/driverlib.lib(interrupt.obj)
 .debug_abbrev  0x0000239e       0x27 C:/ti/TivaWare_C_Series-2.2.0.295/driverlib/ccs/Debug/driverlib.lib(interrupt.obj)
 .debug_abbrev  0x000023c5       0x29 C:/ti/TivaWare_C_Series-2.2.0.295/driverlib/ccs/Debug/driverlib.lib(interrupt.obj)
 .debug_abbrev  0x000023ee       0x40 C:/ti/TivaWare_C_Series-2.2.0.295/driverlib/ccs/Debug/driverlib.lib(interrupt.obj)
 .debug_abbrev  0x0000242e       0x6c C:/ti/TivaWare_C_Series-2.2.0.295/driverlib/ccs/Debug/driverlib.lib(interrupt.obj)
 .debug_abbrev  0x0000249a       0x6c C:/ti/TivaWare_C_Series-2.2.0.295/driverlib/ccs/Debug/driverlib.lib(interrupt.obj)
 .debug_abbrev  0x00002506       0x6c C:/ti/TivaWare_C_Series-2.2.0.295/driverlib/ccs/Debug/driverlib.lib(interrupt.obj)
 .debug_abbrev  0x00002572       0x6c C:/ti/TivaWare_C_Series-2.2.0.295/driverlib/ccs/Debug/driverlib.lib(interrupt.obj)
 .debug_abbrev  0x000025de       0x63 C:/ti/TivaWare_C_Series-2.2.0.295/driverlib/ccs/Debug/driverlib.lib(interrupt.obj)
 .debug_abbrev  0x00002641       0x57 C:/ti/TivaWare_C_Series-2.2.0.295/driverlib/ccs/Debug/driverlib.lib(interrupt.obj)
 .debug_abbrev  0x00002698       0x6c C:/ti/TivaWare_C_Series-2.2.0.295/driverlib/ccs/Debug/driverlib.lib(interrupt.obj)
 .debug_abbrev  0x00002704       0x60 C:/ti/TivaWare_C_Series-2.2.0.295/driverlib/ccs/Debug/driverlib.lib(interrupt.obj)
 .debug_abbrev  0x00002764       0x6e C:/ti/TivaWare_C_Series-2.2.0.295/driverlib/ccs/Debug/driverlib.lib(interrupt.obj)
 .debug_abbrev  0x000027d2       0x6c C:/ti/TivaWare_C_Series-2.2.0.295/driverlib/ccs/Debug/driverlib.lib(interrupt.obj)
 .debug_abbrev  0x0000283e       0x6c C:/ti/TivaWare_C_Series-2.2.0.295/driverlib/ccs/Debug/driverlib.lib(interrupt.obj)
 .debug_abbrev  0x000028aa       0x60 C:/ti/TivaWare_C_Series-2.2.0.295/driverlib/ccs/Debug/driverlib.lib(interrupt.obj)
 .debug_abbrev  0x0000290a       0x60 C:/ti/TivaWare_C_Series-2.2.0.295/driverlib/ccs/Debug/driverlib.lib(interrupt.obj)
 .debug_abbrev  0x0000296a       0x6e C:/ti/TivaWare_C_Series-2.2.0.295/driverlib/ccs/Debug/driverlib.lib(interrupt.obj)
 .debug_abbrev  0x000029d8       0x6c C:/ti/TivaWare_C_Series-2.2.0.295/driverlib/ccs/Debug/driverlib.lib(interrupt.obj)
 .debug_abbrev  0x00002a44       0x6c C:/ti/TivaWare_C_Series-2.2.0.295/driverlib/ccs/Debug/driverlib.lib(interrupt.obj)

.debug_aranges  0x00000000      0xb78
 .debug_aranges
                0x00000000       0x50 ./tm4c123gh6pm_startup_ccs_gcc.o
 .debug_aranges
                0x00000050       0x30 ./ek-tm4c123gxl/system_TM4C123GH6PM.o
 .debug_aranges
                0x00000080       0x88 ./src/bsp.o
 .debug_aranges
                0x00000108       0x30 ./src/main.o
 .debug_aranges
                0x00000138       0x40 ./src/os.o
 .debug_aranges
                0x00000178       0x20 C:/ti/TivaWare_C_Series-2.2.0.295/driverlib/ccs/Debug/driverlib.lib(sysctl.obj)
 .debug_aranges
                0x00000198       0x20 C:/ti/TivaWare_C_Series-2.2.0.295/driverlib/ccs/Debug/driverlib.lib(sysctl.obj)
 .debug_aranges
                0x000001b8       0x20 C:/ti/TivaWare_C_Series-2.2.0.295/driverlib/ccs/Debug/driverlib.lib(sysctl.obj)
 .debug_aranges
                0x000001d8       0x20 C:/ti/TivaWare_C_Series-2.2.0.295/driverlib/ccs/Debug/driverlib.lib(sysctl.obj)
 .debug_aranges
                0x000001f8       0x20 C:/ti/TivaWare_C_Series-2.2.0.295/driverlib/ccs/Debug/driverlib.lib(sysctl.obj)
 .debug_aranges
                0x00000218       0x20 C:/ti/TivaWare_C_Series-2.2.0.295/driverlib/ccs/Debug/driverlib.lib(sysctl.obj)
 .debug_aranges
                0x00000238       0x20 C:/ti/TivaWare_C_Series-2.2.0.295/driverlib/ccs/Debug/driverlib.lib(sysctl.obj)
 .debug_aranges
                0x00000258       0x20 C:/ti/TivaWare_C_Series-2.2.0.295/driverlib/ccs/Debug/driverlib.lib(sysctl.obj)
 .debug_aranges
                0x00000278       0x20 C:/ti/TivaWare_C_Series-2.2.0.295/driverlib/ccs/Debug/driverlib.lib(sysctl.obj)
 .debug_aranges
                0x00000298       0x20 C:/ti/TivaWare_C_Series-2.2.0.295/driverlib/ccs/Debug/driverlib.lib(sysctl.obj)
 .debug_aranges
                0x000002b8       0x20 C:/ti/TivaWare_C_Series-2.2.0.295/driverlib/ccs/Debug/driverlib.lib(sysctl.obj)
 .debug_aranges
                0x000002d8       0x20 C:/ti/TivaWare_C_Series-2.2.0.295/driverlib/ccs/Debug/driverlib.lib(sysctl.obj)
 .debug_aranges
                0x000002f8       0x20 C:/ti/TivaWare_C_Series-2.2.0.295/driverlib/ccs/Debug/driverlib.lib(sysctl.obj)
 .debug_aranges
                0x00000318       0x20 C:/ti/TivaWare_C_Series-2.2.0.295/driverlib/ccs/Debug/driverlib.lib(sysctl.obj)
 .debug_aranges
                0x00000338       0x20 C:/ti/TivaWare_C_Series-2.2.0.295/driverlib/ccs/Debug/driverlib.lib(sysctl.obj)
 .debug_aranges
                0x00000358       0x20 C:/ti/TivaWare_C_Series-2.2.0.295/driverlib/ccs/Debug/driverlib.lib(sysctl.obj)
 .debug_aranges
                0x00000378       0x20 C:/ti/TivaWare_C_Series-2.2.0.295/driverlib/ccs/Debug/driverlib.lib(sysctl.obj)
 .debug_aranges
                0x00000398       0x20 C:/ti/TivaWare_C_Series-2.2.0.295/driverlib/ccs/Debug/driverlib.lib(sysctl.obj)
 .debug_aranges
                0x000003b8       0x20 C:/ti/TivaWare_C_Series-2.2.0.295/driverlib/ccs/Debug/driverlib.lib(sysctl.obj)
 .debug_aranges
                0x000003d8       0x20 C:/ti/TivaWare_C_Series-2.2.0.295/driverlib/ccs/Debug/driverlib.lib(sysctl.obj)
 .debug_aranges
                0x000003f8       0x20 C:/ti/TivaWare_C_Series-2.2.0.295/driverlib/ccs/Debug/driverlib.lib(sysctl.obj)
 .debug_aranges
                0x00000418       0x20 C:/ti/TivaWare_C_Series-2.2.0.295/driverlib/ccs/Debug/driverlib.lib(sysctl.obj)
 .debug_aranges
                0x00000438       0x20 C:/ti/TivaWare_C_Series-2.2.0.295/driverlib/ccs/Debug/driverlib.lib(sysctl.obj)
 .debug_aranges
                0x00000458       0x20 C:/ti/TivaWare_C_Series-2.2.0.295/driverlib/ccs/Debug/driverlib.lib(sysctl.obj)
 .debug_aranges
                0x00000478       0x20 C:/ti/TivaWare_C_Series-2.2.0.295/driverlib/ccs/Debug/driverlib.lib(sysctl.obj)
 .debug_aranges
                0x00000498       0x20 C:/ti/TivaWare_C_Series-2.2.0.295/driverlib/ccs/Debug/driverlib.lib(sysctl.obj)
 .debug_aranges
                0x000004b8       0x20 C:/ti/TivaWare_C_Series-2.2.0.295/driverlib/ccs/Debug/driverlib.lib(sysctl.obj)
 .debug_aranges
                0x000004d8       0x20 C:/ti/TivaWare_C_Series-2.2.0.295/driverlib/ccs/Debug/driverlib.lib(sysctl.obj)
 .debug_aranges
                0x000004f8       0x20 C:/ti/TivaWare_C_Series-2.2.0.295/driverlib/ccs/Debug/driverlib.lib(sysctl.obj)
 .debug_aranges
                0x00000518       0x20 C:/ti/TivaWare_C_Series-2.2.0.295/driverlib/ccs/Debug/driverlib.lib(sysctl.obj)
 .debug_aranges
                0x00000538       0x20 C:/ti/TivaWare_C_Series-2.2.0.295/driverlib/ccs/Debug/driverlib.lib(sysctl.obj)
 .debug_aranges
                0x00000558       0x20 C:/ti/TivaWare_C_Series-2.2.0.295/driverlib/ccs/Debug/driverlib.lib(sysctl.obj)
 .debug_aranges
                0x00000578       0x20 C:/ti/TivaWare_C_Series-2.2.0.295/driverlib/ccs/Debug/driverlib.lib(sysctl.obj)
 .debug_aranges
                0x00000598       0x20 C:/ti/TivaWare_C_Series-2.2.0.295/driverlib/ccs/Debug/driverlib.lib(sysctl.obj)
 .debug_aranges
                0x000005b8       0x20 C:/ti/TivaWare_C_Series-2.2.0.295/driverlib/ccs/Debug/driverlib.lib(sysctl.obj)
 .debug_aranges
                0x000005d8       0x20 C:/ti/TivaWare_C_Series-2.2.0.295/driverlib/ccs/Debug/driverlib.lib(sysctl.obj)
 .debug_aranges
                0x000005f8       0x20 C:/ti/TivaWare_C_Series-2.2.0.295/driverlib/ccs/Debug/driverlib.lib(sysctl.obj)
 .debug_aranges
                0x00000618       0x20 C:/ti/TivaWare_C_Series-2.2.0.295/driverlib/ccs/Debug/driverlib.lib(sysctl.obj)
 .debug_aranges
                0x00000638       0x20 C:/ti/TivaWare_C_Series-2.2.0.295/driverlib/ccs/Debug/driverlib.lib(sysctl.obj)
 .debug_aranges
                0x00000658       0x20 C:/ti/TivaWare_C_Series-2.2.0.295/driverlib/ccs/Debug/driverlib.lib(sysctl.obj)
 .debug_aranges
                0x00000678       0x20 C:/ti/TivaWare_C_Series-2.2.0.295/driverlib/ccs/Debug/driverlib.lib(sysctl.obj)
 .debug_aranges
                0x00000698       0x20 C:/ti/TivaWare_C_Series-2.2.0.295/driverlib/ccs/Debug/driverlib.lib(sysctl.obj)
 .debug_aranges
                0x000006b8       0x20 C:/ti/TivaWare_C_Series-2.2.0.295/driverlib/ccs/Debug/driverlib.lib(sysctl.obj)
 .debug_aranges
                0x000006d8       0x20 C:/ti/TivaWare_C_Series-2.2.0.295/driverlib/ccs/Debug/driverlib.lib(sysctl.obj)
 .debug_aranges